================================================================================
🚀 Multi-GPU Distributed Training with 2 GPUs
================================================================================
Localscratch workdir: /localscratch/users/mpascual/14061052/work
[repo] copying from /mnt/home/users/tic_163_uma/mpascual/fscratch/repos/medsyn ...
[data] copying /mnt/home/users/tic_163_uma/mpascual/fscratch/datasets/pathmnist/PathMNIST.npz -> /localscratch/users/mpascual/14061052/work/datasets/PathMNIST.npz
[env] no conda module loaded; assuming conda already in PATH.
[python] /mnt/home/users/tic_163_uma/mpascual/fscratch/conda_envs/medsyn/bin/python
Python 3.9.24
CUDA True
[torch] 2.8.0+cu128
[cuda devices] 2

================================================================================
⚙️  Configuring Distributed Training in YAML
================================================================================
[config] Backed up original config to config/picasso_cfg.yaml.backup
[config] Enabling distributed training with 2 GPUs...
[config] Modified config/picasso_cfg.yaml:
  • dist.enabled: true
  • dist.num_gpus: 2

[config] Verifying dist configuration in YAML:
  dist:
    enabled: true  # Set to true to enable multi-GPU distributed training
    backend: nccl  # Use 'nccl' for GPU training (fastest), 'gloo' for CPU
    num_gpus: auto  # 'auto' uses all available GPUs (set by torchrun)
    find_unused_parameters: false  # Set to true only if you have conditional/dynamic graph
    broadcast_buffers: true  # Sync batch norm stats across GPUs
    grad_accum_steps: 1  # Gradient accumulation steps (1 = no accumulation)
    seed_offset: 0  # Offset for per-rank seed decorrelation



================================================================================
🖥️  GPU Information
================================================================================
Sat Nov  1 17:34:30 2025       
+---------------------------------------------------------------------------------------+
| NVIDIA-SMI 535.183.01             Driver Version: 535.183.01   CUDA Version: 12.2     |
|-----------------------------------------+----------------------+----------------------+
| GPU  Name                 Persistence-M | Bus-Id        Disp.A | Volatile Uncorr. ECC |
| Fan  Temp   Perf          Pwr:Usage/Cap |         Memory-Usage | GPU-Util  Compute M. |
|                                         |                      |               MIG M. |
|=========================================+======================+======================|
|   0  NVIDIA A100-SXM4-40GB          On  | 00000000:07:00.0 Off |                    0 |
| N/A   24C    P0              51W / 400W |      0MiB / 40960MiB |      0%      Default |
|                                         |                      |             Disabled |
+-----------------------------------------+----------------------+----------------------+
|   1  NVIDIA A100-SXM4-40GB          On  | 00000000:0F:00.0 Off |                    0 |
| N/A   24C    P0              55W / 400W |      0MiB / 40960MiB |      0%      Default |
|                                         |                      |             Disabled |
+-----------------------------------------+----------------------+----------------------+
|   2  NVIDIA A100-SXM4-40GB          On  | 00000000:47:00.0 Off |                    0 |
| N/A   23C    P0              53W / 400W |      0MiB / 40960MiB |      0%      Default |
|                                         |                      |             Disabled |
+-----------------------------------------+----------------------+----------------------+
|   3  NVIDIA A100-SXM4-40GB          On  | 00000000:4E:00.0 Off |                    0 |
| N/A   24C    P0              50W / 400W |      0MiB / 40960MiB |      0%      Default |
|                                         |                      |             Disabled |
+-----------------------------------------+----------------------+----------------------+
|   4  NVIDIA A100-SXM4-40GB          On  | 00000000:87:00.0 Off |                    0 |
| N/A   28C    P0              56W / 400W |      0MiB / 40960MiB |      0%      Default |
|                                         |                      |             Disabled |
+-----------------------------------------+----------------------+----------------------+
|   5  NVIDIA A100-SXM4-40GB          On  | 00000000:90:00.0 Off |                    0 |
| N/A   27C    P0              54W / 400W |      0MiB / 40960MiB |      0%      Default |
|                                         |                      |             Disabled |
+-----------------------------------------+----------------------+----------------------+
|   6  NVIDIA A100-SXM4-40GB          On  | 00000000:B7:00.0 Off |                    0 |
| N/A   28C    P0              51W / 400W |      0MiB / 40960MiB |      0%      Default |
|                                         |                      |             Disabled |
+-----------------------------------------+----------------------+----------------------+
|   7  NVIDIA A100-SXM4-40GB          On  | 00000000:BD:00.0 Off |                    0 |
| N/A   26C    P0              50W / 400W |      0MiB / 40960MiB |      0%      Default |
|                                         |                      |             Disabled |
+-----------------------------------------+----------------------+----------------------+
                                                                                         
+---------------------------------------------------------------------------------------+
| Processes:                                                                            |
|  GPU   GI   CI        PID   Type   Process name                            GPU Memory |
|        ID   ID                                                             Usage      |
|=======================================================================================|
|  No running processes found                                                           |
+---------------------------------------------------------------------------------------+


================================================================================
🏋️  Starting Distributed Training with torchrun
================================================================================
[torchrun] Command: torchrun --standalone --nnodes=1 --nproc_per_node=2
[training] Config: config/picasso_cfg.yaml
[training] Dataset: /localscratch/users/mpascual/14061052/work/datasets/PathMNIST.npz
[training] Output: /localscratch/users/mpascual/14061052/work/results

================================================================================
🚀 Starting Class-Conditioned DDPM Training
================================================================================
================================================================================
🚀 Starting Class-Conditioned DDPM Training
================================================================================

📋 Training Configuration:
  • Epochs: 1000
📋 Training Configuration:

  • Batch size: 4  • Epochs: 1000

  • Image size: 64x64  • Batch size: 4

  • Mixed precision: True  • Image size: 64x64

  • Learning rate: 0.0002  • Mixed precision: True

  • Output directory: /localscratch/users/mpascual/14061052/work/results  • Learning rate: 0.0002


🏗️  Model Configuration:  • Output directory: /localscratch/users/mpascual/14061052/work/results

  • Number of classes: 9
🏗️  Model Configuration:

  • In channels: 3  • Number of classes: 9

  • Class embed dim: 32  • In channels: 3


⚙️  Scheduler Configuration:  • Class embed dim: 32

  • Training timesteps: 1000
⚙️  Scheduler Configuration:

  • Beta schedule: squaredcos_cap_v2  • Training timesteps: 1000

  • Beta start: 0.0001  • Beta schedule: squaredcos_cap_v2

  • Beta end: 0.02  • Beta start: 0.0001

  • Prediction type: epsilon  • Beta end: 0.02


🎯 Training Features:  • Prediction type: epsilon

  • EMA: ✅ enabled
🎯 Training Features:

    - Decay: 0.999  • EMA: ✅ enabled

  • Gradient clipping: ✅ enabled    - Decay: 0.999

    - Norm: 10.0  • Gradient clipping: ✅ enabled

  • Classifier-free guidance: ✅ enabled    - Norm: 10.0

    - Unconditional prob: 0.1  • Classifier-free guidance: ✅ enabled

  • Min-SNR loss weighting: ✅ enabled    - Unconditional prob: 0.1

    - Gamma: 5.0  • Min-SNR loss weighting: ✅ enabled


================================================================================    - Gamma: 5.0

⏳ Training in progress...
================================================================================

================================================================================
⏳ Training in progress...

================================================================================

exa01:1565395:1565395 [0] NCCL INFO Bootstrap: Using enp225s0f0:10.250.7.6<0>
exa01:1565395:1565395 [0] NCCL INFO cudaDriverVersion 12020
exa01:1565395:1565395 [0] NCCL INFO NCCL version 2.27.3+cuda12.9
exa01:1565395:1565395 [0] NCCL INFO Comm config Blocking set to 1
exa01:1565396:1565396 [1] NCCL INFO cudaDriverVersion 12020
exa01:1565396:1565396 [1] NCCL INFO Bootstrap: Using enp225s0f0:10.250.7.6<0>
exa01:1565396:1565396 [1] NCCL INFO NCCL version 2.27.3+cuda12.9
exa01:1565396:1565396 [1] NCCL INFO Comm config Blocking set to 1
exa01:1565395:1565796 [0] NCCL INFO NET/Plugin: Could not find: libnccl-net.so. 
exa01:1565396:1565799 [1] NCCL INFO NET/Plugin: Could not find: libnccl-net.so. 
exa01:1565395:1565796 [0] NCCL INFO NET/IB : Using [0]mlx5_0:1/IB [1]mlx5_1:1/IB [2]mlx5_2:1/IB [3]mlx5_3:1/IB [4]mlx5_4:1/IB [5]mlx5_5:1/IB [6]mlx5_6:1/IB [7]mlx5_7:1/IB [8]mlx5_8:1/RoCE [RO]; OOB enp225s0f0:10.250.7.6<0>
exa01:1565395:1565796 [0] NCCL INFO Initialized NET plugin IB
exa01:1565395:1565796 [0] NCCL INFO Assigned NET plugin IB to comm
exa01:1565395:1565796 [0] NCCL INFO Using network IB
exa01:1565396:1565799 [1] NCCL INFO NET/IB : Using [0]mlx5_0:1/IB [1]mlx5_1:1/IB [2]mlx5_2:1/IB [3]mlx5_3:1/IB [4]mlx5_4:1/IB [5]mlx5_5:1/IB [6]mlx5_6:1/IB [7]mlx5_7:1/IB [8]mlx5_8:1/RoCE [RO]; OOB enp225s0f0:10.250.7.6<0>
exa01:1565396:1565799 [1] NCCL INFO Initialized NET plugin IB
exa01:1565396:1565799 [1] NCCL INFO Assigned NET plugin IB to comm
exa01:1565396:1565799 [1] NCCL INFO Using network IB
exa01:1565395:1565796 [0] NCCL INFO ncclCommInitRankConfig comm 0xb8d2b80 rank 0 nranks 2 cudaDev 0 nvmlDev 0 busId 7000 commId 0x59fed678111a38b7 - Init START
exa01:1565396:1565799 [1] NCCL INFO ncclCommInitRankConfig comm 0xb1e17c0 rank 1 nranks 2 cudaDev 1 nvmlDev 1 busId f000 commId 0x59fed678111a38b7 - Init START
exa01:1565396:1565799 [1] NCCL INFO RAS client listening socket at ::1<28028>
exa01:1565395:1565796 [0] NCCL INFO RAS client listening socket at ::1<28028>
exa01:1565396:1565799 [1] NCCL INFO Bootstrap timings total 0.001248 (create 0.000046, send 0.000185, recv 0.000232, ring 0.000108, delay 0.000002)
exa01:1565395:1565796 [0] NCCL INFO Bootstrap timings total 0.044477 (create 0.000050, send 0.000195, recv 0.043384, ring 0.000042, delay 0.000008)
exa01:1565395:1565796 [0] NCCL INFO comm 0xb8d2b80 rank 0 nRanks 2 nNodes 1 localRanks 2 localRank 0 MNNVL 0
exa01:1565396:1565799 [1] NCCL INFO comm 0xb1e17c0 rank 1 nRanks 2 nNodes 1 localRanks 2 localRank 1 MNNVL 0
exa01:1565395:1565796 [0] NCCL INFO Channel 00/24 : 0 1
exa01:1565395:1565796 [0] NCCL INFO Channel 01/24 : 0 1
exa01:1565395:1565796 [0] NCCL INFO Channel 02/24 : 0 1
exa01:1565395:1565796 [0] NCCL INFO Channel 03/24 : 0 1
exa01:1565396:1565799 [1] NCCL INFO Trees [0] -1/-1/-1->1->0 [1] -1/-1/-1->1->0 [2] -1/-1/-1->1->0 [3] -1/-1/-1->1->0 [4] -1/-1/-1->1->0 [5] -1/-1/-1->1->0 [6] 0/-1/-1->1->-1 [7] 0/-1/-1->1->-1 [8] 0/-1/-1->1->-1 [9] 0/-1/-1->1->-1 [10] 0/-1/-1->1->-1 [11] 0/-1/-1->1->-1 [12] -1/-1/-1->1->0 [13] -1/-1/-1->1->0 [14] -1/-1/-1->1->0 [15] -1/-1/-1->1->0 [16] -1/-1/-1->1->0 [17] -1/-1/-1->1->0 [18] 0/-1/-1->1->-1 [19] 0/-1/-1->1->-1 [20] 0/-1/-1->1->-1 [21] 0/-1/-1->1->-1 [22] 0/-1/-1->1->-1 [23] 0/-1/-1->1->-1
exa01:1565395:1565796 [0] NCCL INFO Channel 04/24 : 0 1
exa01:1565396:1565799 [1] NCCL INFO P2P Chunksize set to 524288
exa01:1565395:1565796 [0] NCCL INFO Channel 05/24 : 0 1
exa01:1565395:1565796 [0] NCCL INFO Channel 06/24 : 0 1
exa01:1565395:1565796 [0] NCCL INFO Channel 07/24 : 0 1
exa01:1565395:1565796 [0] NCCL INFO Channel 08/24 : 0 1
exa01:1565395:1565796 [0] NCCL INFO Channel 09/24 : 0 1
exa01:1565395:1565796 [0] NCCL INFO Channel 10/24 : 0 1
exa01:1565395:1565796 [0] NCCL INFO Channel 11/24 : 0 1
exa01:1565395:1565796 [0] NCCL INFO Channel 12/24 : 0 1
exa01:1565395:1565796 [0] NCCL INFO Channel 13/24 : 0 1
exa01:1565395:1565796 [0] NCCL INFO Channel 14/24 : 0 1
exa01:1565395:1565796 [0] NCCL INFO Channel 15/24 : 0 1
exa01:1565395:1565796 [0] NCCL INFO Channel 16/24 : 0 1
exa01:1565395:1565796 [0] NCCL INFO Channel 17/24 : 0 1
exa01:1565395:1565796 [0] NCCL INFO Channel 18/24 : 0 1
exa01:1565395:1565796 [0] NCCL INFO Channel 19/24 : 0 1
exa01:1565395:1565796 [0] NCCL INFO Channel 20/24 : 0 1
exa01:1565395:1565796 [0] NCCL INFO Channel 21/24 : 0 1
exa01:1565395:1565796 [0] NCCL INFO Channel 22/24 : 0 1
exa01:1565395:1565796 [0] NCCL INFO Channel 23/24 : 0 1
exa01:1565395:1565796 [0] NCCL INFO Trees [0] 1/-1/-1->0->-1 [1] 1/-1/-1->0->-1 [2] 1/-1/-1->0->-1 [3] 1/-1/-1->0->-1 [4] 1/-1/-1->0->-1 [5] 1/-1/-1->0->-1 [6] -1/-1/-1->0->1 [7] -1/-1/-1->0->1 [8] -1/-1/-1->0->1 [9] -1/-1/-1->0->1 [10] -1/-1/-1->0->1 [11] -1/-1/-1->0->1 [12] 1/-1/-1->0->-1 [13] 1/-1/-1->0->-1 [14] 1/-1/-1->0->-1 [15] 1/-1/-1->0->-1 [16] 1/-1/-1->0->-1 [17] 1/-1/-1->0->-1 [18] -1/-1/-1->0->1 [19] -1/-1/-1->0->1 [20] -1/-1/-1->0->1 [21] -1/-1/-1->0->1 [22] -1/-1/-1->0->1 [23] -1/-1/-1->0->1
exa01:1565395:1565796 [0] NCCL INFO P2P Chunksize set to 524288
exa01:1565396:1565799 [1] NCCL INFO PROFILER/Plugin: Could not find: libnccl-profiler.so. 
exa01:1565396:1565822 [1] NCCL INFO [Proxy Service] Device 1 CPU core 12
exa01:1565396:1565823 [1] NCCL INFO [Proxy Service UDS] Device 1 CPU core 6
exa01:1565395:1565796 [0] NCCL INFO PROFILER/Plugin: Could not find: libnccl-profiler.so. 
exa01:1565395:1565796 [0] NCCL INFO Check P2P Type isAllDirectP2p 1 directMode 0
exa01:1565395:1565824 [0] NCCL INFO [Proxy Service] Device 0 CPU core 1
exa01:1565395:1565825 [0] NCCL INFO [Proxy Service UDS] Device 0 CPU core 13
exa01:1565396:1565799 [1] NCCL INFO threadThresholds 8/8/64 | 16/8/64 | 512 | 512
exa01:1565396:1565799 [1] NCCL INFO 24 coll channels, 24 collnet channels, 0 nvls channels, 32 p2p channels, 32 p2p channels per peer
exa01:1565395:1565796 [0] NCCL INFO threadThresholds 8/8/64 | 16/8/64 | 512 | 512
exa01:1565395:1565796 [0] NCCL INFO 24 coll channels, 24 collnet channels, 0 nvls channels, 32 p2p channels, 32 p2p channels per peer
exa01:1565395:1565796 [0] NCCL INFO CC Off, workFifoBytes 1048576
exa01:1565395:1565796 [0] NCCL INFO TUNER/Plugin: Could not find: libnccl-tuner.so. Using internal tuner plugin.
exa01:1565396:1565799 [1] NCCL INFO TUNER/Plugin: Could not find: libnccl-tuner.so. Using internal tuner plugin.
exa01:1565395:1565796 [0] NCCL INFO ncclCommInitRankConfig comm 0xb8d2b80 rank 0 nranks 2 cudaDev 0 nvmlDev 0 busId 7000 commId 0x59fed678111a38b7 - Init COMPLETE
exa01:1565396:1565799 [1] NCCL INFO ncclCommInitRankConfig comm 0xb1e17c0 rank 1 nranks 2 cudaDev 1 nvmlDev 1 busId f000 commId 0x59fed678111a38b7 - Init COMPLETE
exa01:1565395:1565796 [0] NCCL INFO Init timings - ncclCommInitRankConfig: rank 0 nranks 2 total 0.83 (kernels 0.22, alloc 0.21, bootstrap 0.04, allgathers 0.00, topo 0.10, graphs 0.00, connections 0.19, rest 0.06)
exa01:1565396:1565799 [1] NCCL INFO Init timings - ncclCommInitRankConfig: rank 1 nranks 2 total 0.74 (kernels 0.18, alloc 0.20, bootstrap 0.00, allgathers 0.00, topo 0.10, graphs 0.00, connections 0.18, rest 0.07)
exa01:1565396:1565828 [1] NCCL INFO Channel 00/0 : 1[1] -> 0[0] via P2P/CUMEM/read
exa01:1565395:1565829 [0] NCCL INFO Channel 00/0 : 0[0] -> 1[1] via P2P/CUMEM/read
exa01:1565396:1565828 [1] NCCL INFO Channel 01/0 : 1[1] -> 0[0] via P2P/CUMEM/read
exa01:1565395:1565829 [0] NCCL INFO Channel 01/0 : 0[0] -> 1[1] via P2P/CUMEM/read
exa01:1565396:1565828 [1] NCCL INFO Channel 02/0 : 1[1] -> 0[0] via P2P/CUMEM/read
exa01:1565395:1565829 [0] NCCL INFO Channel 02/0 : 0[0] -> 1[1] via P2P/CUMEM/read
exa01:1565396:1565828 [1] NCCL INFO Channel 03/0 : 1[1] -> 0[0] via P2P/CUMEM/read
exa01:1565395:1565829 [0] NCCL INFO Channel 03/0 : 0[0] -> 1[1] via P2P/CUMEM/read
exa01:1565396:1565828 [1] NCCL INFO Channel 04/0 : 1[1] -> 0[0] via P2P/CUMEM/read
exa01:1565395:1565829 [0] NCCL INFO Channel 04/0 : 0[0] -> 1[1] via P2P/CUMEM/read
exa01:1565396:1565828 [1] NCCL INFO Channel 05/0 : 1[1] -> 0[0] via P2P/CUMEM/read
exa01:1565395:1565829 [0] NCCL INFO Channel 05/0 : 0[0] -> 1[1] via P2P/CUMEM/read
exa01:1565396:1565828 [1] NCCL INFO Channel 06/0 : 1[1] -> 0[0] via P2P/CUMEM/read
exa01:1565395:1565829 [0] NCCL INFO Channel 06/0 : 0[0] -> 1[1] via P2P/CUMEM/read
exa01:1565396:1565828 [1] NCCL INFO Channel 07/0 : 1[1] -> 0[0] via P2P/CUMEM/read
exa01:1565395:1565829 [0] NCCL INFO Channel 07/0 : 0[0] -> 1[1] via P2P/CUMEM/read
exa01:1565396:1565828 [1] NCCL INFO Channel 08/0 : 1[1] -> 0[0] via P2P/CUMEM/read
exa01:1565395:1565829 [0] NCCL INFO Channel 08/0 : 0[0] -> 1[1] via P2P/CUMEM/read
exa01:1565396:1565828 [1] NCCL INFO Channel 09/0 : 1[1] -> 0[0] via P2P/CUMEM/read
exa01:1565395:1565829 [0] NCCL INFO Channel 09/0 : 0[0] -> 1[1] via P2P/CUMEM/read
exa01:1565396:1565828 [1] NCCL INFO Channel 10/0 : 1[1] -> 0[0] via P2P/CUMEM/read
exa01:1565395:1565829 [0] NCCL INFO Channel 10/0 : 0[0] -> 1[1] via P2P/CUMEM/read
exa01:1565396:1565828 [1] NCCL INFO Channel 11/0 : 1[1] -> 0[0] via P2P/CUMEM/read
exa01:1565395:1565829 [0] NCCL INFO Channel 11/0 : 0[0] -> 1[1] via P2P/CUMEM/read
exa01:1565396:1565828 [1] NCCL INFO Channel 12/0 : 1[1] -> 0[0] via P2P/CUMEM/read
exa01:1565395:1565829 [0] NCCL INFO Channel 12/0 : 0[0] -> 1[1] via P2P/CUMEM/read
exa01:1565396:1565828 [1] NCCL INFO Channel 13/0 : 1[1] -> 0[0] via P2P/CUMEM/read
exa01:1565395:1565829 [0] NCCL INFO Channel 13/0 : 0[0] -> 1[1] via P2P/CUMEM/read
exa01:1565396:1565828 [1] NCCL INFO Channel 14/0 : 1[1] -> 0[0] via P2P/CUMEM/read
exa01:1565395:1565829 [0] NCCL INFO Channel 14/0 : 0[0] -> 1[1] via P2P/CUMEM/read
exa01:1565396:1565828 [1] NCCL INFO Channel 15/0 : 1[1] -> 0[0] via P2P/CUMEM/read
exa01:1565395:1565829 [0] NCCL INFO Channel 15/0 : 0[0] -> 1[1] via P2P/CUMEM/read
exa01:1565396:1565828 [1] NCCL INFO Channel 16/0 : 1[1] -> 0[0] via P2P/CUMEM/read
exa01:1565395:1565829 [0] NCCL INFO Channel 16/0 : 0[0] -> 1[1] via P2P/CUMEM/read
exa01:1565396:1565828 [1] NCCL INFO Channel 17/0 : 1[1] -> 0[0] via P2P/CUMEM/read
exa01:1565395:1565829 [0] NCCL INFO Channel 17/0 : 0[0] -> 1[1] via P2P/CUMEM/read
exa01:1565396:1565828 [1] NCCL INFO Channel 18/0 : 1[1] -> 0[0] via P2P/CUMEM/read
exa01:1565395:1565829 [0] NCCL INFO Channel 18/0 : 0[0] -> 1[1] via P2P/CUMEM/read
exa01:1565396:1565828 [1] NCCL INFO Channel 19/0 : 1[1] -> 0[0] via P2P/CUMEM/read
exa01:1565395:1565829 [0] NCCL INFO Channel 19/0 : 0[0] -> 1[1] via P2P/CUMEM/read
exa01:1565396:1565828 [1] NCCL INFO Channel 20/0 : 1[1] -> 0[0] via P2P/CUMEM/read
exa01:1565395:1565829 [0] NCCL INFO Channel 20/0 : 0[0] -> 1[1] via P2P/CUMEM/read
exa01:1565396:1565828 [1] NCCL INFO Channel 21/0 : 1[1] -> 0[0] via P2P/CUMEM/read
exa01:1565395:1565829 [0] NCCL INFO Channel 21/0 : 0[0] -> 1[1] via P2P/CUMEM/read
exa01:1565396:1565828 [1] NCCL INFO Channel 22/0 : 1[1] -> 0[0] via P2P/CUMEM/read
exa01:1565395:1565829 [0] NCCL INFO Channel 22/0 : 0[0] -> 1[1] via P2P/CUMEM/read
exa01:1565396:1565828 [1] NCCL INFO Channel 23/0 : 1[1] -> 0[0] via P2P/CUMEM/read
exa01:1565395:1565829 [0] NCCL INFO Channel 23/0 : 0[0] -> 1[1] via P2P/CUMEM/read
exa01:1565395:1565829 [0] NCCL INFO Connected all rings, use ring PXN 0 GDR 1
exa01:1565396:1565828 [1] NCCL INFO Connected all rings, use ring PXN 0 GDR 1

================================================================================
❌ Training failed!
================================================================================

================================================================================
❌ Training failed!
================================================================================
exa01:1565396:1566348 [1] NCCL INFO misc/socket.cc:64 -> 3
exa01:1565396:1566348 [1] NCCL INFO misc/socket.cc:81 -> 3
exa01:1565396:1566348 [1] NCCL INFO misc/socket.cc:863 -> 3
exa01:1565396:1566348 [1] NCCL INFO misc/socket.cc:64 -> 3
exa01:1565396:1566348 [1] NCCL INFO misc/socket.cc:81 -> 3
exa01:1565396:1566348 [1] NCCL INFO misc/socket.cc:863 -> 3
exa01:1565396:1565822 [1] NCCL INFO misc/socket.cc:915 -> 3
exa01:1565395:1566350 [0] NCCL INFO misc/socket.cc:64 -> 3
exa01:1565395:1566350 [0] NCCL INFO misc/socket.cc:81 -> 3
exa01:1565395:1566350 [0] NCCL INFO misc/socket.cc:863 -> 3
exa01:1565395:1565824 [0] NCCL INFO misc/socket.cc:915 -> 3
exa01:1565395:1566350 [0] NCCL INFO misc/socket.cc:64 -> 3
exa01:1565395:1566350 [0] NCCL INFO misc/socket.cc:81 -> 3
exa01:1565395:1566350 [0] NCCL INFO misc/socket.cc:863 -> 3
exa01:1565396:1565822 [1] NCCL INFO misc/socket.cc:915 -> 3
exa01:1565396:1566348 [1] NCCL INFO comm 0xb1e17c0 rank 1 nranks 2 cudaDev 1 busId f000 - Abort COMPLETE
exa01:1565395:1566350 [0] NCCL INFO comm 0xb8d2b80 rank 0 nranks 2 cudaDev 0 busId 7000 - Abort COMPLETE
