[2025-11-03 23:13:23] INFO - __main__ - Configuration file: /localscratch/users/mpascual/14086116/work/picasso_cfg_generate.yaml
[2025-11-03 23:13:25] INFO - __main__ - Using 4 GPU(s) out of 4 available
[2025-11-03 23:13:25] INFO - __main__ -   GPU 0: NVIDIA A100-SXM4-40GB
[2025-11-03 23:13:25] INFO - __main__ -   GPU 1: NVIDIA A100-SXM4-40GB
[2025-11-03 23:13:25] INFO - __main__ -   GPU 2: NVIDIA A100-SXM4-40GB
[2025-11-03 23:13:25] INFO - __main__ -   GPU 3: NVIDIA A100-SXM4-40GB
[2025-11-03 23:13:25] INFO - __main__ - Step 1: Parsing generation configuration
[2025-11-03 23:13:25] INFO - __main__ - Parsing generation configuration from: /localscratch/users/mpascual/14086116/work/picasso_cfg_generate.yaml
[2025-11-03 23:13:25] INFO - __main__ - Found checkpoint file: /localscratch/users/mpascual/14086116/work/checkpoints/best.pt
[2025-11-03 23:13:25] INFO - __main__ - Output base path: /localscratch/users/mpascual/14086116/work/generated
[2025-11-03 23:13:25] INFO - __main__ - Loaded split 'train' with 9 classes and 25970 total samples
[2025-11-03 23:13:25] INFO - __main__ - Loaded split 'val' with 9 classes and 2885 total samples
[2025-11-03 23:13:25] INFO - __main__ - Configuration parsed successfully: 2 splits, 18 total classes
[2025-11-03 23:13:25] INFO - __main__ - Step 2: Creating task queue
[2025-11-03 23:13:25] INFO - __main__ - Created 18 generation tasks
[2025-11-03 23:13:25] INFO - __main__ - Task queue created with 18 tasks
[2025-11-03 23:13:25] INFO - __main__ - Starting 4 worker processes...
[2025-11-03 23:13:25] INFO - __main__ - Started worker for GPU 0 (PID: 28761)
[2025-11-03 23:13:25] INFO - __main__ - Started worker for GPU 1 (PID: 28762)
[2025-11-03 23:13:25] INFO - __main__ - Started worker for GPU 2 (PID: 28763)
[2025-11-03 23:13:25] INFO - __main__ - Started worker for GPU 3 (PID: 28764)
[2025-11-03 23:13:25] INFO - __main__ - Waiting for workers to complete...
[2025-11-03 23:13:42] GPU2 - INFO - Initializing on GPU 2
[2025-11-03 23:13:42] INFO - Worker-GPU2 - Initializing on GPU 2
[2025-11-03 23:13:42] GPU2 - INFO -   GPU Name: NVIDIA A100-SXM4-40GB
[2025-11-03 23:13:42] INFO - Worker-GPU2 -   GPU Name: NVIDIA A100-SXM4-40GB
[2025-11-03 23:13:42] GPU2 - INFO -   GPU Memory: 42.30 GB
[2025-11-03 23:13:42] INFO - Worker-GPU2 -   GPU Memory: 42.30 GB
[2025-11-03 23:13:42] GPU2 - INFO - Loading model and scheduler...
[2025-11-03 23:13:42] INFO - Worker-GPU2 - Loading model and scheduler...
[2025-11-03 23:13:42] INFO - medsyn.cli.generate_ccDDPM - Loading configuration from /localscratch/users/mpascual/14086116/work/picasso_cfg_generate.yaml
[2025-11-03 23:13:42] GPU3 - INFO - Initializing on GPU 3
[2025-11-03 23:13:42] INFO - Worker-GPU3 - Initializing on GPU 3
[2025-11-03 23:13:42] GPU3 - INFO -   GPU Name: NVIDIA A100-SXM4-40GB
[2025-11-03 23:13:42] INFO - Worker-GPU3 -   GPU Name: NVIDIA A100-SXM4-40GB
[2025-11-03 23:13:42] GPU3 - INFO -   GPU Memory: 42.30 GB
[2025-11-03 23:13:42] INFO - Worker-GPU3 -   GPU Memory: 42.30 GB
[2025-11-03 23:13:42] GPU3 - INFO - Loading model and scheduler...
[2025-11-03 23:13:42] INFO - Worker-GPU3 - Loading model and scheduler...
[2025-11-03 23:13:42] INFO - medsyn.cli.generate_ccDDPM - Loading configuration from /localscratch/users/mpascual/14086116/work/picasso_cfg_generate.yaml
[2025-11-03 23:13:42] GPU1 - INFO - Initializing on GPU 1
[2025-11-03 23:13:42] INFO - Worker-GPU1 - Initializing on GPU 1
[2025-11-03 23:13:42] GPU1 - INFO -   GPU Name: NVIDIA A100-SXM4-40GB
[2025-11-03 23:13:42] INFO - Worker-GPU1 -   GPU Name: NVIDIA A100-SXM4-40GB
[2025-11-03 23:13:42] GPU1 - INFO -   GPU Memory: 42.30 GB
[2025-11-03 23:13:42] INFO - Worker-GPU1 -   GPU Memory: 42.30 GB
[2025-11-03 23:13:42] GPU1 - INFO - Loading model and scheduler...
[2025-11-03 23:13:42] INFO - Worker-GPU1 - Loading model and scheduler...
[2025-11-03 23:13:42] INFO - medsyn.cli.generate_ccDDPM - Loading configuration from /localscratch/users/mpascual/14086116/work/picasso_cfg_generate.yaml
[2025-11-03 23:13:42] GPU0 - INFO - Initializing on GPU 0
[2025-11-03 23:13:42] INFO - Worker-GPU0 - Initializing on GPU 0
[2025-11-03 23:13:42] GPU0 - INFO -   GPU Name: NVIDIA A100-SXM4-40GB
[2025-11-03 23:13:42] INFO - Worker-GPU0 -   GPU Name: NVIDIA A100-SXM4-40GB
[2025-11-03 23:13:42] GPU0 - INFO -   GPU Memory: 42.30 GB
[2025-11-03 23:13:42] INFO - Worker-GPU0 -   GPU Memory: 42.30 GB
[2025-11-03 23:13:42] GPU0 - INFO - Loading model and scheduler...
[2025-11-03 23:13:42] INFO - Worker-GPU0 - Loading model and scheduler...
[2025-11-03 23:13:42] INFO - medsyn.cli.generate_ccDDPM - Loading configuration from /localscratch/users/mpascual/14086116/work/picasso_cfg_generate.yaml
[2025-11-03 23:13:42] INFO - medsyn.models.ccDDPM.config - Augmentation enabled: True, probability: 0.60, transforms: 4
[2025-11-03 23:13:42] INFO - medsyn.models.ccDDPM.config - Loaded ccDDPM config. image_size=64, classes=9, timesteps=1000, dataloader=npz
[2025-11-03 23:13:42] INFO - medsyn.models.ccDDPM.config - NPZ dataloader path: /localscratch/users/mpascual/14086116/work/medsyn/${DATASET_PATH}
[2025-11-03 23:13:42] INFO - medsyn.cli.generate_ccDDPM - Configuration loaded - Model: 9 classes, Image size: 64x64, Channels: 3
[2025-11-03 23:13:42] INFO - medsyn.models.ccDDPM.config - Augmentation enabled: True, probability: 0.60, transforms: 4
[2025-11-03 23:13:42] INFO - medsyn.models.ccDDPM.config - Loaded ccDDPM config. image_size=64, classes=9, timesteps=1000, dataloader=npz
[2025-11-03 23:13:42] INFO - medsyn.models.ccDDPM.config - NPZ dataloader path: /localscratch/users/mpascual/14086116/work/medsyn/${DATASET_PATH}
[2025-11-03 23:13:42] INFO - medsyn.cli.generate_ccDDPM - Configuration loaded - Model: 9 classes, Image size: 64x64, Channels: 3
[2025-11-03 23:13:42] INFO - medsyn.models.ccDDPM.config - Augmentation enabled: True, probability: 0.60, transforms: 4
[2025-11-03 23:13:42] INFO - medsyn.models.ccDDPM.config - Loaded ccDDPM config. image_size=64, classes=9, timesteps=1000, dataloader=npz
[2025-11-03 23:13:42] INFO - medsyn.models.ccDDPM.config - NPZ dataloader path: /localscratch/users/mpascual/14086116/work/medsyn/${DATASET_PATH}
[2025-11-03 23:13:42] INFO - medsyn.cli.generate_ccDDPM - Configuration loaded - Model: 9 classes, Image size: 64x64, Channels: 3
[2025-11-03 23:13:42] INFO - medsyn.models.ccDDPM.config - Augmentation enabled: True, probability: 0.60, transforms: 4
[2025-11-03 23:13:42] INFO - medsyn.models.ccDDPM.config - Loaded ccDDPM config. image_size=64, classes=9, timesteps=1000, dataloader=npz
[2025-11-03 23:13:42] INFO - medsyn.models.ccDDPM.config - NPZ dataloader path: /localscratch/users/mpascual/14086116/work/medsyn/${DATASET_PATH}
[2025-11-03 23:13:42] INFO - medsyn.cli.generate_ccDDPM - Configuration loaded - Model: 9 classes, Image size: 64x64, Channels: 3
[2025-11-03 23:13:43] INFO - medsyn.cli.generate_ccDDPM - Loading checkpoint from /localscratch/users/mpascual/14086116/work/checkpoints/best.pt
[2025-11-03 23:13:43] INFO - medsyn.cli.generate_ccDDPM - Loading checkpoint from /localscratch/users/mpascual/14086116/work/checkpoints/best.pt
[2025-11-03 23:13:43] INFO - medsyn.cli.generate_ccDDPM - Loading checkpoint from /localscratch/users/mpascual/14086116/work/checkpoints/best.pt
[2025-11-03 23:13:43] INFO - medsyn.cli.generate_ccDDPM - Loading checkpoint from /localscratch/users/mpascual/14086116/work/checkpoints/best.pt
[2025-11-03 23:13:43] INFO - medsyn.cli.generate_ccDDPM - Using EMA weights for generation (higher quality)
[2025-11-03 23:13:43] INFO - medsyn.cli.generate_ccDDPM - ✓ EMA weights loaded successfully with no key mismatches
[2025-11-03 23:13:43] INFO - medsyn.cli.generate_ccDDPM - ============================================================
[2025-11-03 23:13:43] INFO - medsyn.cli.generate_ccDDPM - Scheduler Configuration (must match training):
[2025-11-03 23:13:43] INFO - medsyn.cli.generate_ccDDPM -   num_train_timesteps: 1000
[2025-11-03 23:13:43] INFO - medsyn.cli.generate_ccDDPM -   beta_schedule: squaredcos_cap_v2
[2025-11-03 23:13:43] INFO - medsyn.cli.generate_ccDDPM -   beta_start: 0.000100
[2025-11-03 23:13:43] INFO - medsyn.cli.generate_ccDDPM -   beta_end: 0.020000
[2025-11-03 23:13:43] INFO - medsyn.cli.generate_ccDDPM -   prediction_type: epsilon
[2025-11-03 23:13:43] INFO - medsyn.cli.generate_ccDDPM -   num_inference_steps: 1000
[2025-11-03 23:13:43] INFO - medsyn.cli.generate_ccDDPM -   guidance_scale: 2.00
[2025-11-03 23:13:43] INFO - medsyn.cli.generate_ccDDPM - ============================================================
[2025-11-03 23:13:43] INFO - medsyn.cli.generate_ccDDPM - Model loaded: 9 classes, 64x64 images
[2025-11-03 23:13:43] GPU2 - INFO - Model loaded successfully
[2025-11-03 23:13:43] INFO - Worker-GPU2 - Model loaded successfully
[2025-11-03 23:13:43] GPU2 - INFO - Starting task: train/class_0 (3519 samples)
[2025-11-03 23:13:43] INFO - Worker-GPU2 - Starting task: train/class_0 (3519 samples)
[2025-11-03 23:13:43] INFO - medsyn.cli.generate_ccDDPM - Starting generation for class 0: 3519 samples to /localscratch/users/mpascual/14086116/work/generated/train/class_0
[2025-11-03 23:13:44] INFO - medsyn.cli.generate_ccDDPM - Using EMA weights for generation (higher quality)
[2025-11-03 23:13:44] INFO - medsyn.cli.generate_ccDDPM - Using EMA weights for generation (higher quality)
[2025-11-03 23:13:44] INFO - medsyn.cli.generate_ccDDPM - ✓ EMA weights loaded successfully with no key mismatches
[2025-11-03 23:13:44] INFO - medsyn.cli.generate_ccDDPM - Using EMA weights for generation (higher quality)
[2025-11-03 23:13:44] INFO - medsyn.cli.generate_ccDDPM - ✓ EMA weights loaded successfully with no key mismatches
[2025-11-03 23:13:44] INFO - medsyn.cli.generate_ccDDPM - ============================================================
[2025-11-03 23:13:44] INFO - medsyn.cli.generate_ccDDPM - Scheduler Configuration (must match training):
[2025-11-03 23:13:44] INFO - medsyn.cli.generate_ccDDPM -   num_train_timesteps: 1000
[2025-11-03 23:13:44] INFO - medsyn.cli.generate_ccDDPM -   beta_schedule: squaredcos_cap_v2
[2025-11-03 23:13:44] INFO - medsyn.cli.generate_ccDDPM -   beta_start: 0.000100
[2025-11-03 23:13:44] INFO - medsyn.cli.generate_ccDDPM -   beta_end: 0.020000
[2025-11-03 23:13:44] INFO - medsyn.cli.generate_ccDDPM -   prediction_type: epsilon
[2025-11-03 23:13:44] INFO - medsyn.cli.generate_ccDDPM -   num_inference_steps: 1000
[2025-11-03 23:13:44] INFO - medsyn.cli.generate_ccDDPM -   guidance_scale: 2.00
[2025-11-03 23:13:44] INFO - medsyn.cli.generate_ccDDPM - ============================================================
[2025-11-03 23:13:44] INFO - medsyn.cli.generate_ccDDPM - Model loaded: 9 classes, 64x64 images
[2025-11-03 23:13:44] INFO - medsyn.cli.generate_ccDDPM - ============================================================
[2025-11-03 23:13:44] INFO - medsyn.cli.generate_ccDDPM - Scheduler Configuration (must match training):
[2025-11-03 23:13:44] INFO - medsyn.cli.generate_ccDDPM -   num_train_timesteps: 1000
[2025-11-03 23:13:44] INFO - medsyn.cli.generate_ccDDPM -   beta_schedule: squaredcos_cap_v2
[2025-11-03 23:13:44] INFO - medsyn.cli.generate_ccDDPM -   beta_start: 0.000100
[2025-11-03 23:13:44] INFO - medsyn.cli.generate_ccDDPM -   beta_end: 0.020000
[2025-11-03 23:13:44] INFO - medsyn.cli.generate_ccDDPM -   prediction_type: epsilon
[2025-11-03 23:13:44] INFO - medsyn.cli.generate_ccDDPM -   num_inference_steps: 1000
[2025-11-03 23:13:44] INFO - medsyn.cli.generate_ccDDPM -   guidance_scale: 2.00
[2025-11-03 23:13:44] INFO - medsyn.cli.generate_ccDDPM - ============================================================
[2025-11-03 23:13:44] INFO - medsyn.cli.generate_ccDDPM - Model loaded: 9 classes, 64x64 images
[2025-11-03 23:13:44] GPU1 - INFO - Model loaded successfully
[2025-11-03 23:13:44] INFO - Worker-GPU1 - Model loaded successfully
[2025-11-03 23:13:44] GPU1 - INFO - Starting task: train/class_1 (3376 samples)
[2025-11-03 23:13:44] INFO - Worker-GPU1 - Starting task: train/class_1 (3376 samples)
[2025-11-03 23:13:44] INFO - medsyn.cli.generate_ccDDPM - Starting generation for class 1: 3376 samples to /localscratch/users/mpascual/14086116/work/generated/train/class_1
[2025-11-03 23:13:44] GPU3 - INFO - Model loaded successfully
[2025-11-03 23:13:44] INFO - Worker-GPU3 - Model loaded successfully
[2025-11-03 23:13:44] GPU3 - INFO - Starting task: train/class_2 (2525 samples)
[2025-11-03 23:13:44] INFO - Worker-GPU3 - Starting task: train/class_2 (2525 samples)
[2025-11-03 23:13:44] INFO - medsyn.cli.generate_ccDDPM - Starting generation for class 2: 2525 samples to /localscratch/users/mpascual/14086116/work/generated/train/class_2
[2025-11-03 23:13:44] INFO - medsyn.cli.generate_ccDDPM - ✓ EMA weights loaded successfully with no key mismatches
[2025-11-03 23:13:44] INFO - medsyn.cli.generate_ccDDPM - ============================================================
[2025-11-03 23:13:44] INFO - medsyn.cli.generate_ccDDPM - Scheduler Configuration (must match training):
[2025-11-03 23:13:44] INFO - medsyn.cli.generate_ccDDPM -   num_train_timesteps: 1000
[2025-11-03 23:13:44] INFO - medsyn.cli.generate_ccDDPM -   beta_schedule: squaredcos_cap_v2
[2025-11-03 23:13:44] INFO - medsyn.cli.generate_ccDDPM -   beta_start: 0.000100
[2025-11-03 23:13:44] INFO - medsyn.cli.generate_ccDDPM -   beta_end: 0.020000
[2025-11-03 23:13:44] INFO - medsyn.cli.generate_ccDDPM -   prediction_type: epsilon
[2025-11-03 23:13:44] INFO - medsyn.cli.generate_ccDDPM -   num_inference_steps: 1000
[2025-11-03 23:13:44] INFO - medsyn.cli.generate_ccDDPM -   guidance_scale: 2.00
[2025-11-03 23:13:44] INFO - medsyn.cli.generate_ccDDPM - ============================================================
[2025-11-03 23:13:44] INFO - medsyn.cli.generate_ccDDPM - Model loaded: 9 classes, 64x64 images
[2025-11-03 23:13:44] GPU0 - INFO - Model loaded successfully
[2025-11-03 23:13:44] INFO - Worker-GPU0 - Model loaded successfully
[2025-11-03 23:13:44] GPU0 - INFO - Starting task: train/class_3 (2484 samples)
[2025-11-03 23:13:44] INFO - Worker-GPU0 - Starting task: train/class_3 (2484 samples)
[2025-11-03 23:13:44] INFO - medsyn.cli.generate_ccDDPM - Starting generation for class 3: 2484 samples to /localscratch/users/mpascual/14086116/work/generated/train/class_3
[2025-11-03 23:13:44] GPU2 - ERROR - Failed to generate train/class_0: Sizes of tensors must match except in dimension 1. Expected size 4 but got size 1 for tensor number 1 in the list.
Traceback (most recent call last):
  File "/localscratch/users/mpascual/14086116/work/medsyn/medsyn/cli/generate_ccDDPM_parallel.py", line 152, in worker_process
    samples_metadata, images_array, labels_array = generate_images_for_class(
  File "/localscratch/users/mpascual/14086116/work/medsyn/medsyn/cli/generate_ccDDPM.py", line 616, in generate_images_for_class
    imgs = generate_with_cfg(
  File "/mnt/home/users/tic_163_uma/mpascual/fscratch/conda_envs/medsyn/lib/python3.9/site-packages/torch/utils/_contextlib.py", line 120, in decorate_context
    return func(*args, **kwargs)
  File "/localscratch/users/mpascual/14086116/work/medsyn/medsyn/cli/generate_ccDDPM.py", line 345, in generate_with_cfg
    eps_uncond = model(x_t, t_batch, None)
  File "/mnt/home/users/tic_163_uma/mpascual/fscratch/conda_envs/medsyn/lib/python3.9/site-packages/torch/nn/modules/module.py", line 1773, in _wrapped_call_impl
    return self._call_impl(*args, **kwargs)
  File "/mnt/home/users/tic_163_uma/mpascual/fscratch/conda_envs/medsyn/lib/python3.9/site-packages/torch/nn/modules/module.py", line 1784, in _call_impl
    return forward_call(*args, **kwargs)
  File "/localscratch/users/mpascual/14086116/work/medsyn/medsyn/models/ccDDPM/model.py", line 70, in forward
    x_in = torch.cat([x_noisy, cond], dim=1)
RuntimeError: Sizes of tensors must match except in dimension 1. Expected size 4 but got size 1 for tensor number 1 in the list.
[2025-11-03 23:13:44] GPU0 - ERROR - Failed to generate train/class_3: Sizes of tensors must match except in dimension 1. Expected size 4 but got size 1 for tensor number 1 in the list.
Traceback (most recent call last):
  File "/localscratch/users/mpascual/14086116/work/medsyn/medsyn/cli/generate_ccDDPM_parallel.py", line 152, in worker_process
    samples_metadata, images_array, labels_array = generate_images_for_class(
  File "/localscratch/users/mpascual/14086116/work/medsyn/medsyn/cli/generate_ccDDPM.py", line 616, in generate_images_for_class
    imgs = generate_with_cfg(
  File "/mnt/home/users/tic_163_uma/mpascual/fscratch/conda_envs/medsyn/lib/python3.9/site-packages/torch/utils/_contextlib.py", line 120, in decorate_context
    return func(*args, **kwargs)
  File "/localscratch/users/mpascual/14086116/work/medsyn/medsyn/cli/generate_ccDDPM.py", line 345, in generate_with_cfg
    eps_uncond = model(x_t, t_batch, None)
  File "/mnt/home/users/tic_163_uma/mpascual/fscratch/conda_envs/medsyn/lib/python3.9/site-packages/torch/nn/modules/module.py", line 1773, in _wrapped_call_impl
    return self._call_impl(*args, **kwargs)
  File "/mnt/home/users/tic_163_uma/mpascual/fscratch/conda_envs/medsyn/lib/python3.9/site-packages/torch/nn/modules/module.py", line 1784, in _call_impl
    return forward_call(*args, **kwargs)
  File "/localscratch/users/mpascual/14086116/work/medsyn/medsyn/models/ccDDPM/model.py", line 70, in forward
    x_in = torch.cat([x_noisy, cond], dim=1)
RuntimeError: Sizes of tensors must match except in dimension 1. Expected size 4 but got size 1 for tensor number 1 in the list.
[2025-11-03 23:13:44] ERROR - Worker-GPU2 - Failed to generate train/class_0: Sizes of tensors must match except in dimension 1. Expected size 4 but got size 1 for tensor number 1 in the list.
Traceback (most recent call last):
  File "/localscratch/users/mpascual/14086116/work/medsyn/medsyn/cli/generate_ccDDPM_parallel.py", line 152, in worker_process
    samples_metadata, images_array, labels_array = generate_images_for_class(
  File "/localscratch/users/mpascual/14086116/work/medsyn/medsyn/cli/generate_ccDDPM.py", line 616, in generate_images_for_class
    imgs = generate_with_cfg(
  File "/mnt/home/users/tic_163_uma/mpascual/fscratch/conda_envs/medsyn/lib/python3.9/site-packages/torch/utils/_contextlib.py", line 120, in decorate_context
    return func(*args, **kwargs)
  File "/localscratch/users/mpascual/14086116/work/medsyn/medsyn/cli/generate_ccDDPM.py", line 345, in generate_with_cfg
    eps_uncond = model(x_t, t_batch, None)
  File "/mnt/home/users/tic_163_uma/mpascual/fscratch/conda_envs/medsyn/lib/python3.9/site-packages/torch/nn/modules/module.py", line 1773, in _wrapped_call_impl
    return self._call_impl(*args, **kwargs)
  File "/mnt/home/users/tic_163_uma/mpascual/fscratch/conda_envs/medsyn/lib/python3.9/site-packages/torch/nn/modules/module.py", line 1784, in _call_impl
    return forward_call(*args, **kwargs)
  File "/localscratch/users/mpascual/14086116/work/medsyn/medsyn/models/ccDDPM/model.py", line 70, in forward
    x_in = torch.cat([x_noisy, cond], dim=1)
RuntimeError: Sizes of tensors must match except in dimension 1. Expected size 4 but got size 1 for tensor number 1 in the list.
[2025-11-03 23:13:44] ERROR - Worker-GPU0 - Failed to generate train/class_3: Sizes of tensors must match except in dimension 1. Expected size 4 but got size 1 for tensor number 1 in the list.
Traceback (most recent call last):
  File "/localscratch/users/mpascual/14086116/work/medsyn/medsyn/cli/generate_ccDDPM_parallel.py", line 152, in worker_process
    samples_metadata, images_array, labels_array = generate_images_for_class(
  File "/localscratch/users/mpascual/14086116/work/medsyn/medsyn/cli/generate_ccDDPM.py", line 616, in generate_images_for_class
    imgs = generate_with_cfg(
  File "/mnt/home/users/tic_163_uma/mpascual/fscratch/conda_envs/medsyn/lib/python3.9/site-packages/torch/utils/_contextlib.py", line 120, in decorate_context
    return func(*args, **kwargs)
  File "/localscratch/users/mpascual/14086116/work/medsyn/medsyn/cli/generate_ccDDPM.py", line 345, in generate_with_cfg
    eps_uncond = model(x_t, t_batch, None)
  File "/mnt/home/users/tic_163_uma/mpascual/fscratch/conda_envs/medsyn/lib/python3.9/site-packages/torch/nn/modules/module.py", line 1773, in _wrapped_call_impl
    return self._call_impl(*args, **kwargs)
  File "/mnt/home/users/tic_163_uma/mpascual/fscratch/conda_envs/medsyn/lib/python3.9/site-packages/torch/nn/modules/module.py", line 1784, in _call_impl
    return forward_call(*args, **kwargs)
  File "/localscratch/users/mpascual/14086116/work/medsyn/medsyn/models/ccDDPM/model.py", line 70, in forward
    x_in = torch.cat([x_noisy, cond], dim=1)
RuntimeError: Sizes of tensors must match except in dimension 1. Expected size 4 but got size 1 for tensor number 1 in the list.
[2025-11-03 23:13:44] GPU1 - ERROR - Failed to generate train/class_1: Sizes of tensors must match except in dimension 1. Expected size 4 but got size 1 for tensor number 1 in the list.
Traceback (most recent call last):
  File "/localscratch/users/mpascual/14086116/work/medsyn/medsyn/cli/generate_ccDDPM_parallel.py", line 152, in worker_process
    samples_metadata, images_array, labels_array = generate_images_for_class(
  File "/localscratch/users/mpascual/14086116/work/medsyn/medsyn/cli/generate_ccDDPM.py", line 616, in generate_images_for_class
    imgs = generate_with_cfg(
  File "/mnt/home/users/tic_163_uma/mpascual/fscratch/conda_envs/medsyn/lib/python3.9/site-packages/torch/utils/_contextlib.py", line 120, in decorate_context
    return func(*args, **kwargs)
  File "/localscratch/users/mpascual/14086116/work/medsyn/medsyn/cli/generate_ccDDPM.py", line 345, in generate_with_cfg
    eps_uncond = model(x_t, t_batch, None)
  File "/mnt/home/users/tic_163_uma/mpascual/fscratch/conda_envs/medsyn/lib/python3.9/site-packages/torch/nn/modules/module.py", line 1773, in _wrapped_call_impl
    return self._call_impl(*args, **kwargs)
  File "/mnt/home/users/tic_163_uma/mpascual/fscratch/conda_envs/medsyn/lib/python3.9/site-packages/torch/nn/modules/module.py", line 1784, in _call_impl
    return forward_call(*args, **kwargs)
  File "/localscratch/users/mpascual/14086116/work/medsyn/medsyn/models/ccDDPM/model.py", line 70, in forward
    x_in = torch.cat([x_noisy, cond], dim=1)
RuntimeError: Sizes of tensors must match except in dimension 1. Expected size 4 but got size 1 for tensor number 1 in the list.
[2025-11-03 23:13:44] GPU3 - ERROR - Failed to generate train/class_2: Sizes of tensors must match except in dimension 1. Expected size 4 but got size 1 for tensor number 1 in the list.
Traceback (most recent call last):
  File "/localscratch/users/mpascual/14086116/work/medsyn/medsyn/cli/generate_ccDDPM_parallel.py", line 152, in worker_process
    samples_metadata, images_array, labels_array = generate_images_for_class(
  File "/localscratch/users/mpascual/14086116/work/medsyn/medsyn/cli/generate_ccDDPM.py", line 616, in generate_images_for_class
    imgs = generate_with_cfg(
  File "/mnt/home/users/tic_163_uma/mpascual/fscratch/conda_envs/medsyn/lib/python3.9/site-packages/torch/utils/_contextlib.py", line 120, in decorate_context
    return func(*args, **kwargs)
  File "/localscratch/users/mpascual/14086116/work/medsyn/medsyn/cli/generate_ccDDPM.py", line 345, in generate_with_cfg
    eps_uncond = model(x_t, t_batch, None)
  File "/mnt/home/users/tic_163_uma/mpascual/fscratch/conda_envs/medsyn/lib/python3.9/site-packages/torch/nn/modules/module.py", line 1773, in _wrapped_call_impl
    return self._call_impl(*args, **kwargs)
  File "/mnt/home/users/tic_163_uma/mpascual/fscratch/conda_envs/medsyn/lib/python3.9/site-packages/torch/nn/modules/module.py", line 1784, in _call_impl
    return forward_call(*args, **kwargs)
  File "/localscratch/users/mpascual/14086116/work/medsyn/medsyn/models/ccDDPM/model.py", line 70, in forward
    x_in = torch.cat([x_noisy, cond], dim=1)
RuntimeError: Sizes of tensors must match except in dimension 1. Expected size 4 but got size 1 for tensor number 1 in the list.
[2025-11-03 23:13:44] ERROR - Worker-GPU1 - Failed to generate train/class_1: Sizes of tensors must match except in dimension 1. Expected size 4 but got size 1 for tensor number 1 in the list.
Traceback (most recent call last):
  File "/localscratch/users/mpascual/14086116/work/medsyn/medsyn/cli/generate_ccDDPM_parallel.py", line 152, in worker_process
    samples_metadata, images_array, labels_array = generate_images_for_class(
  File "/localscratch/users/mpascual/14086116/work/medsyn/medsyn/cli/generate_ccDDPM.py", line 616, in generate_images_for_class
    imgs = generate_with_cfg(
  File "/mnt/home/users/tic_163_uma/mpascual/fscratch/conda_envs/medsyn/lib/python3.9/site-packages/torch/utils/_contextlib.py", line 120, in decorate_context
    return func(*args, **kwargs)
  File "/localscratch/users/mpascual/14086116/work/medsyn/medsyn/cli/generate_ccDDPM.py", line 345, in generate_with_cfg
    eps_uncond = model(x_t, t_batch, None)
  File "/mnt/home/users/tic_163_uma/mpascual/fscratch/conda_envs/medsyn/lib/python3.9/site-packages/torch/nn/modules/module.py", line 1773, in _wrapped_call_impl
    return self._call_impl(*args, **kwargs)
  File "/mnt/home/users/tic_163_uma/mpascual/fscratch/conda_envs/medsyn/lib/python3.9/site-packages/torch/nn/modules/module.py", line 1784, in _call_impl
    return forward_call(*args, **kwargs)
  File "/localscratch/users/mpascual/14086116/work/medsyn/medsyn/models/ccDDPM/model.py", line 70, in forward
    x_in = torch.cat([x_noisy, cond], dim=1)
RuntimeError: Sizes of tensors must match except in dimension 1. Expected size 4 but got size 1 for tensor number 1 in the list.
[2025-11-03 23:13:44] ERROR - Worker-GPU3 - Failed to generate train/class_2: Sizes of tensors must match except in dimension 1. Expected size 4 but got size 1 for tensor number 1 in the list.
Traceback (most recent call last):
  File "/localscratch/users/mpascual/14086116/work/medsyn/medsyn/cli/generate_ccDDPM_parallel.py", line 152, in worker_process
    samples_metadata, images_array, labels_array = generate_images_for_class(
  File "/localscratch/users/mpascual/14086116/work/medsyn/medsyn/cli/generate_ccDDPM.py", line 616, in generate_images_for_class
    imgs = generate_with_cfg(
  File "/mnt/home/users/tic_163_uma/mpascual/fscratch/conda_envs/medsyn/lib/python3.9/site-packages/torch/utils/_contextlib.py", line 120, in decorate_context
    return func(*args, **kwargs)
  File "/localscratch/users/mpascual/14086116/work/medsyn/medsyn/cli/generate_ccDDPM.py", line 345, in generate_with_cfg
    eps_uncond = model(x_t, t_batch, None)
  File "/mnt/home/users/tic_163_uma/mpascual/fscratch/conda_envs/medsyn/lib/python3.9/site-packages/torch/nn/modules/module.py", line 1773, in _wrapped_call_impl
    return self._call_impl(*args, **kwargs)
  File "/mnt/home/users/tic_163_uma/mpascual/fscratch/conda_envs/medsyn/lib/python3.9/site-packages/torch/nn/modules/module.py", line 1784, in _call_impl
    return forward_call(*args, **kwargs)
  File "/localscratch/users/mpascual/14086116/work/medsyn/medsyn/models/ccDDPM/model.py", line 70, in forward
    x_in = torch.cat([x_noisy, cond], dim=1)
RuntimeError: Sizes of tensors must match except in dimension 1. Expected size 4 but got size 1 for tensor number 1 in the list.
[2025-11-03 23:13:44] GPU0 - INFO - Starting task: train/class_4 (4879 samples)
[2025-11-03 23:13:44] INFO - Worker-GPU0 - Starting task: train/class_4 (4879 samples)
[2025-11-03 23:13:44] GPU1 - INFO - Starting task: train/class_5 (703 samples)
[2025-11-03 23:13:44] INFO - Worker-GPU1 - Starting task: train/class_5 (703 samples)
[2025-11-03 23:13:44] GPU2 - INFO - Starting task: train/class_6 (4999 samples)
[2025-11-03 23:13:44] INFO - Worker-GPU2 - Starting task: train/class_6 (4999 samples)
[2025-11-03 23:13:44] INFO - __main__ - Progress: 1/18 (5.6%) - Latest: train/class_3
[2025-11-03 23:13:44] INFO - medsyn.cli.generate_ccDDPM - Starting generation for class 4: 4879 samples to /localscratch/users/mpascual/14086116/work/generated/train/class_4
[2025-11-03 23:13:44] INFO - __main__ - Progress: 2/18 (11.1%) - Latest: train/class_1
[2025-11-03 23:13:44] INFO - medsyn.cli.generate_ccDDPM - Starting generation for class 5: 703 samples to /localscratch/users/mpascual/14086116/work/generated/train/class_5
[2025-11-03 23:13:44] INFO - __main__ - Progress: 3/18 (16.7%) - Latest: train/class_0
[2025-11-03 23:13:44] INFO - medsyn.cli.generate_ccDDPM - Starting generation for class 6: 4999 samples to /localscratch/users/mpascual/14086116/work/generated/train/class_6
[2025-11-03 23:13:44] INFO - __main__ - Progress: 4/18 (22.2%) - Latest: train/class_2
[2025-11-03 23:13:44] GPU3 - INFO - Starting task: train/class_7 (3484 samples)
[2025-11-03 23:13:44] INFO - Worker-GPU3 - Starting task: train/class_7 (3484 samples)
[2025-11-03 23:13:44] INFO - medsyn.cli.generate_ccDDPM - Starting generation for class 7: 3484 samples to /localscratch/users/mpascual/14086116/work/generated/train/class_7
[2025-11-03 23:13:44] GPU2 - ERROR - Failed to generate train/class_6: Sizes of tensors must match except in dimension 1. Expected size 4 but got size 1 for tensor number 1 in the list.
Traceback (most recent call last):
  File "/localscratch/users/mpascual/14086116/work/medsyn/medsyn/cli/generate_ccDDPM_parallel.py", line 152, in worker_process
    samples_metadata, images_array, labels_array = generate_images_for_class(
  File "/localscratch/users/mpascual/14086116/work/medsyn/medsyn/cli/generate_ccDDPM.py", line 616, in generate_images_for_class
    imgs = generate_with_cfg(
  File "/mnt/home/users/tic_163_uma/mpascual/fscratch/conda_envs/medsyn/lib/python3.9/site-packages/torch/utils/_contextlib.py", line 120, in decorate_context
    return func(*args, **kwargs)
  File "/localscratch/users/mpascual/14086116/work/medsyn/medsyn/cli/generate_ccDDPM.py", line 345, in generate_with_cfg
    eps_uncond = model(x_t, t_batch, None)
  File "/mnt/home/users/tic_163_uma/mpascual/fscratch/conda_envs/medsyn/lib/python3.9/site-packages/torch/nn/modules/module.py", line 1773, in _wrapped_call_impl
    return self._call_impl(*args, **kwargs)
  File "/mnt/home/users/tic_163_uma/mpascual/fscratch/conda_envs/medsyn/lib/python3.9/site-packages/torch/nn/modules/module.py", line 1784, in _call_impl
    return forward_call(*args, **kwargs)
  File "/localscratch/users/mpascual/14086116/work/medsyn/medsyn/models/ccDDPM/model.py", line 70, in forward
    x_in = torch.cat([x_noisy, cond], dim=1)
RuntimeError: Sizes of tensors must match except in dimension 1. Expected size 4 but got size 1 for tensor number 1 in the list.
[2025-11-03 23:13:44] ERROR - Worker-GPU2 - Failed to generate train/class_6: Sizes of tensors must match except in dimension 1. Expected size 4 but got size 1 for tensor number 1 in the list.
Traceback (most recent call last):
  File "/localscratch/users/mpascual/14086116/work/medsyn/medsyn/cli/generate_ccDDPM_parallel.py", line 152, in worker_process
    samples_metadata, images_array, labels_array = generate_images_for_class(
  File "/localscratch/users/mpascual/14086116/work/medsyn/medsyn/cli/generate_ccDDPM.py", line 616, in generate_images_for_class
    imgs = generate_with_cfg(
  File "/mnt/home/users/tic_163_uma/mpascual/fscratch/conda_envs/medsyn/lib/python3.9/site-packages/torch/utils/_contextlib.py", line 120, in decorate_context
    return func(*args, **kwargs)
  File "/localscratch/users/mpascual/14086116/work/medsyn/medsyn/cli/generate_ccDDPM.py", line 345, in generate_with_cfg
    eps_uncond = model(x_t, t_batch, None)
  File "/mnt/home/users/tic_163_uma/mpascual/fscratch/conda_envs/medsyn/lib/python3.9/site-packages/torch/nn/modules/module.py", line 1773, in _wrapped_call_impl
    return self._call_impl(*args, **kwargs)
  File "/mnt/home/users/tic_163_uma/mpascual/fscratch/conda_envs/medsyn/lib/python3.9/site-packages/torch/nn/modules/module.py", line 1784, in _call_impl
    return forward_call(*args, **kwargs)
  File "/localscratch/users/mpascual/14086116/work/medsyn/medsyn/models/ccDDPM/model.py", line 70, in forward
    x_in = torch.cat([x_noisy, cond], dim=1)
RuntimeError: Sizes of tensors must match except in dimension 1. Expected size 4 but got size 1 for tensor number 1 in the list.
[2025-11-03 23:13:44] GPU2 - INFO - Starting task: train/class_8 (1 samples)
[2025-11-03 23:13:44] GPU0 - ERROR - Failed to generate train/class_4: Sizes of tensors must match except in dimension 1. Expected size 4 but got size 1 for tensor number 1 in the list.
Traceback (most recent call last):
  File "/localscratch/users/mpascual/14086116/work/medsyn/medsyn/cli/generate_ccDDPM_parallel.py", line 152, in worker_process
    samples_metadata, images_array, labels_array = generate_images_for_class(
  File "/localscratch/users/mpascual/14086116/work/medsyn/medsyn/cli/generate_ccDDPM.py", line 616, in generate_images_for_class
    imgs = generate_with_cfg(
  File "/mnt/home/users/tic_163_uma/mpascual/fscratch/conda_envs/medsyn/lib/python3.9/site-packages/torch/utils/_contextlib.py", line 120, in decorate_context
    return func(*args, **kwargs)
  File "/localscratch/users/mpascual/14086116/work/medsyn/medsyn/cli/generate_ccDDPM.py", line 345, in generate_with_cfg
    eps_uncond = model(x_t, t_batch, None)
  File "/mnt/home/users/tic_163_uma/mpascual/fscratch/conda_envs/medsyn/lib/python3.9/site-packages/torch/nn/modules/module.py", line 1773, in _wrapped_call_impl
    return self._call_impl(*args, **kwargs)
  File "/mnt/home/users/tic_163_uma/mpascual/fscratch/conda_envs/medsyn/lib/python3.9/site-packages/torch/nn/modules/module.py", line 1784, in _call_impl
    return forward_call(*args, **kwargs)
  File "/localscratch/users/mpascual/14086116/work/medsyn/medsyn/models/ccDDPM/model.py", line 70, in forward
    x_in = torch.cat([x_noisy, cond], dim=1)
RuntimeError: Sizes of tensors must match except in dimension 1. Expected size 4 but got size 1 for tensor number 1 in the list.
[2025-11-03 23:13:44] INFO - Worker-GPU2 - Starting task: train/class_8 (1 samples)
[2025-11-03 23:13:44] ERROR - Worker-GPU0 - Failed to generate train/class_4: Sizes of tensors must match except in dimension 1. Expected size 4 but got size 1 for tensor number 1 in the list.
Traceback (most recent call last):
  File "/localscratch/users/mpascual/14086116/work/medsyn/medsyn/cli/generate_ccDDPM_parallel.py", line 152, in worker_process
    samples_metadata, images_array, labels_array = generate_images_for_class(
  File "/localscratch/users/mpascual/14086116/work/medsyn/medsyn/cli/generate_ccDDPM.py", line 616, in generate_images_for_class
    imgs = generate_with_cfg(
  File "/mnt/home/users/tic_163_uma/mpascual/fscratch/conda_envs/medsyn/lib/python3.9/site-packages/torch/utils/_contextlib.py", line 120, in decorate_context
    return func(*args, **kwargs)
  File "/localscratch/users/mpascual/14086116/work/medsyn/medsyn/cli/generate_ccDDPM.py", line 345, in generate_with_cfg
    eps_uncond = model(x_t, t_batch, None)
  File "/mnt/home/users/tic_163_uma/mpascual/fscratch/conda_envs/medsyn/lib/python3.9/site-packages/torch/nn/modules/module.py", line 1773, in _wrapped_call_impl
    return self._call_impl(*args, **kwargs)
  File "/mnt/home/users/tic_163_uma/mpascual/fscratch/conda_envs/medsyn/lib/python3.9/site-packages/torch/nn/modules/module.py", line 1784, in _call_impl
    return forward_call(*args, **kwargs)
  File "/localscratch/users/mpascual/14086116/work/medsyn/medsyn/models/ccDDPM/model.py", line 70, in forward
    x_in = torch.cat([x_noisy, cond], dim=1)
RuntimeError: Sizes of tensors must match except in dimension 1. Expected size 4 but got size 1 for tensor number 1 in the list.
[2025-11-03 23:13:44] GPU3 - ERROR - Failed to generate train/class_7: Sizes of tensors must match except in dimension 1. Expected size 4 but got size 1 for tensor number 1 in the list.
Traceback (most recent call last):
  File "/localscratch/users/mpascual/14086116/work/medsyn/medsyn/cli/generate_ccDDPM_parallel.py", line 152, in worker_process
    samples_metadata, images_array, labels_array = generate_images_for_class(
  File "/localscratch/users/mpascual/14086116/work/medsyn/medsyn/cli/generate_ccDDPM.py", line 616, in generate_images_for_class
    imgs = generate_with_cfg(
  File "/mnt/home/users/tic_163_uma/mpascual/fscratch/conda_envs/medsyn/lib/python3.9/site-packages/torch/utils/_contextlib.py", line 120, in decorate_context
    return func(*args, **kwargs)
  File "/localscratch/users/mpascual/14086116/work/medsyn/medsyn/cli/generate_ccDDPM.py", line 345, in generate_with_cfg
    eps_uncond = model(x_t, t_batch, None)
  File "/mnt/home/users/tic_163_uma/mpascual/fscratch/conda_envs/medsyn/lib/python3.9/site-packages/torch/nn/modules/module.py", line 1773, in _wrapped_call_impl
    return self._call_impl(*args, **kwargs)
  File "/mnt/home/users/tic_163_uma/mpascual/fscratch/conda_envs/medsyn/lib/python3.9/site-packages/torch/nn/modules/module.py", line 1784, in _call_impl
    return forward_call(*args, **kwargs)
  File "/localscratch/users/mpascual/14086116/work/medsyn/medsyn/models/ccDDPM/model.py", line 70, in forward
    x_in = torch.cat([x_noisy, cond], dim=1)
RuntimeError: Sizes of tensors must match except in dimension 1. Expected size 4 but got size 1 for tensor number 1 in the list.
[2025-11-03 23:13:44] ERROR - Worker-GPU3 - Failed to generate train/class_7: Sizes of tensors must match except in dimension 1. Expected size 4 but got size 1 for tensor number 1 in the list.
Traceback (most recent call last):
  File "/localscratch/users/mpascual/14086116/work/medsyn/medsyn/cli/generate_ccDDPM_parallel.py", line 152, in worker_process
    samples_metadata, images_array, labels_array = generate_images_for_class(
  File "/localscratch/users/mpascual/14086116/work/medsyn/medsyn/cli/generate_ccDDPM.py", line 616, in generate_images_for_class
    imgs = generate_with_cfg(
  File "/mnt/home/users/tic_163_uma/mpascual/fscratch/conda_envs/medsyn/lib/python3.9/site-packages/torch/utils/_contextlib.py", line 120, in decorate_context
    return func(*args, **kwargs)
  File "/localscratch/users/mpascual/14086116/work/medsyn/medsyn/cli/generate_ccDDPM.py", line 345, in generate_with_cfg
    eps_uncond = model(x_t, t_batch, None)
  File "/mnt/home/users/tic_163_uma/mpascual/fscratch/conda_envs/medsyn/lib/python3.9/site-packages/torch/nn/modules/module.py", line 1773, in _wrapped_call_impl
    return self._call_impl(*args, **kwargs)
  File "/mnt/home/users/tic_163_uma/mpascual/fscratch/conda_envs/medsyn/lib/python3.9/site-packages/torch/nn/modules/module.py", line 1784, in _call_impl
    return forward_call(*args, **kwargs)
  File "/localscratch/users/mpascual/14086116/work/medsyn/medsyn/models/ccDDPM/model.py", line 70, in forward
    x_in = torch.cat([x_noisy, cond], dim=1)
RuntimeError: Sizes of tensors must match except in dimension 1. Expected size 4 but got size 1 for tensor number 1 in the list.
[2025-11-03 23:13:44] GPU1 - ERROR - Failed to generate train/class_5: Sizes of tensors must match except in dimension 1. Expected size 4 but got size 1 for tensor number 1 in the list.
Traceback (most recent call last):
  File "/localscratch/users/mpascual/14086116/work/medsyn/medsyn/cli/generate_ccDDPM_parallel.py", line 152, in worker_process
    samples_metadata, images_array, labels_array = generate_images_for_class(
  File "/localscratch/users/mpascual/14086116/work/medsyn/medsyn/cli/generate_ccDDPM.py", line 616, in generate_images_for_class
    imgs = generate_with_cfg(
  File "/mnt/home/users/tic_163_uma/mpascual/fscratch/conda_envs/medsyn/lib/python3.9/site-packages/torch/utils/_contextlib.py", line 120, in decorate_context
    return func(*args, **kwargs)
  File "/localscratch/users/mpascual/14086116/work/medsyn/medsyn/cli/generate_ccDDPM.py", line 345, in generate_with_cfg
    eps_uncond = model(x_t, t_batch, None)
  File "/mnt/home/users/tic_163_uma/mpascual/fscratch/conda_envs/medsyn/lib/python3.9/site-packages/torch/nn/modules/module.py", line 1773, in _wrapped_call_impl
    return self._call_impl(*args, **kwargs)
  File "/mnt/home/users/tic_163_uma/mpascual/fscratch/conda_envs/medsyn/lib/python3.9/site-packages/torch/nn/modules/module.py", line 1784, in _call_impl
    return forward_call(*args, **kwargs)
  File "/localscratch/users/mpascual/14086116/work/medsyn/medsyn/models/ccDDPM/model.py", line 70, in forward
    x_in = torch.cat([x_noisy, cond], dim=1)
RuntimeError: Sizes of tensors must match except in dimension 1. Expected size 4 but got size 1 for tensor number 1 in the list.
[2025-11-03 23:13:44] ERROR - Worker-GPU1 - Failed to generate train/class_5: Sizes of tensors must match except in dimension 1. Expected size 4 but got size 1 for tensor number 1 in the list.
Traceback (most recent call last):
  File "/localscratch/users/mpascual/14086116/work/medsyn/medsyn/cli/generate_ccDDPM_parallel.py", line 152, in worker_process
    samples_metadata, images_array, labels_array = generate_images_for_class(
  File "/localscratch/users/mpascual/14086116/work/medsyn/medsyn/cli/generate_ccDDPM.py", line 616, in generate_images_for_class
    imgs = generate_with_cfg(
  File "/mnt/home/users/tic_163_uma/mpascual/fscratch/conda_envs/medsyn/lib/python3.9/site-packages/torch/utils/_contextlib.py", line 120, in decorate_context
    return func(*args, **kwargs)
  File "/localscratch/users/mpascual/14086116/work/medsyn/medsyn/cli/generate_ccDDPM.py", line 345, in generate_with_cfg
    eps_uncond = model(x_t, t_batch, None)
  File "/mnt/home/users/tic_163_uma/mpascual/fscratch/conda_envs/medsyn/lib/python3.9/site-packages/torch/nn/modules/module.py", line 1773, in _wrapped_call_impl
    return self._call_impl(*args, **kwargs)
  File "/mnt/home/users/tic_163_uma/mpascual/fscratch/conda_envs/medsyn/lib/python3.9/site-packages/torch/nn/modules/module.py", line 1784, in _call_impl
    return forward_call(*args, **kwargs)
  File "/localscratch/users/mpascual/14086116/work/medsyn/medsyn/models/ccDDPM/model.py", line 70, in forward
    x_in = torch.cat([x_noisy, cond], dim=1)
RuntimeError: Sizes of tensors must match except in dimension 1. Expected size 4 but got size 1 for tensor number 1 in the list.
[2025-11-03 23:13:44] GPU3 - INFO - Starting task: val/class_0 (391 samples)
[2025-11-03 23:13:44] INFO - __main__ - Progress: 5/18 (27.8%) - Latest: train/class_4
[2025-11-03 23:13:44] INFO - Worker-GPU3 - Starting task: val/class_0 (391 samples)
[2025-11-03 23:13:44] GPU0 - INFO - Starting task: val/class_1 (375 samples)
[2025-11-03 23:13:44] INFO - Worker-GPU0 - Starting task: val/class_1 (375 samples)
[2025-11-03 23:13:44] INFO - __main__ - Progress: 6/18 (33.3%) - Latest: train/class_6
[2025-11-03 23:13:44] INFO - __main__ - Progress: 7/18 (38.9%) - Latest: train/class_7
[2025-11-03 23:13:44] INFO - medsyn.cli.generate_ccDDPM - Starting generation for class 8: 1 samples to /localscratch/users/mpascual/14086116/work/generated/train/class_8
[2025-11-03 23:13:44] INFO - __main__ - Progress: 8/18 (44.4%) - Latest: train/class_5
[2025-11-03 23:13:44] INFO - medsyn.cli.generate_ccDDPM - Starting generation for class 0: 391 samples to /localscratch/users/mpascual/14086116/work/generated/val/class_0
[2025-11-03 23:13:44] GPU1 - INFO - Starting task: val/class_2 (280 samples)
[2025-11-03 23:13:44] INFO - Worker-GPU1 - Starting task: val/class_2 (280 samples)
[2025-11-03 23:13:44] INFO - medsyn.cli.generate_ccDDPM - Starting generation for class 1: 375 samples to /localscratch/users/mpascual/14086116/work/generated/val/class_1
[2025-11-03 23:13:44] INFO - medsyn.cli.generate_ccDDPM - Starting generation for class 2: 280 samples to /localscratch/users/mpascual/14086116/work/generated/val/class_2
[2025-11-03 23:13:44] GPU1 - ERROR - Failed to generate val/class_2: Sizes of tensors must match except in dimension 1. Expected size 4 but got size 1 for tensor number 1 in the list.
Traceback (most recent call last):
  File "/localscratch/users/mpascual/14086116/work/medsyn/medsyn/cli/generate_ccDDPM_parallel.py", line 152, in worker_process
    samples_metadata, images_array, labels_array = generate_images_for_class(
  File "/localscratch/users/mpascual/14086116/work/medsyn/medsyn/cli/generate_ccDDPM.py", line 616, in generate_images_for_class
    imgs = generate_with_cfg(
  File "/mnt/home/users/tic_163_uma/mpascual/fscratch/conda_envs/medsyn/lib/python3.9/site-packages/torch/utils/_contextlib.py", line 120, in decorate_context
    return func(*args, **kwargs)
  File "/localscratch/users/mpascual/14086116/work/medsyn/medsyn/cli/generate_ccDDPM.py", line 345, in generate_with_cfg
    eps_uncond = model(x_t, t_batch, None)
  File "/mnt/home/users/tic_163_uma/mpascual/fscratch/conda_envs/medsyn/lib/python3.9/site-packages/torch/nn/modules/module.py", line 1773, in _wrapped_call_impl
    return self._call_impl(*args, **kwargs)
  File "/mnt/home/users/tic_163_uma/mpascual/fscratch/conda_envs/medsyn/lib/python3.9/site-packages/torch/nn/modules/module.py", line 1784, in _call_impl
    return forward_call(*args, **kwargs)
  File "/localscratch/users/mpascual/14086116/work/medsyn/medsyn/models/ccDDPM/model.py", line 70, in forward
    x_in = torch.cat([x_noisy, cond], dim=1)
RuntimeError: Sizes of tensors must match except in dimension 1. Expected size 4 but got size 1 for tensor number 1 in the list.
[2025-11-03 23:13:44] ERROR - Worker-GPU1 - Failed to generate val/class_2: Sizes of tensors must match except in dimension 1. Expected size 4 but got size 1 for tensor number 1 in the list.
Traceback (most recent call last):
  File "/localscratch/users/mpascual/14086116/work/medsyn/medsyn/cli/generate_ccDDPM_parallel.py", line 152, in worker_process
    samples_metadata, images_array, labels_array = generate_images_for_class(
  File "/localscratch/users/mpascual/14086116/work/medsyn/medsyn/cli/generate_ccDDPM.py", line 616, in generate_images_for_class
    imgs = generate_with_cfg(
  File "/mnt/home/users/tic_163_uma/mpascual/fscratch/conda_envs/medsyn/lib/python3.9/site-packages/torch/utils/_contextlib.py", line 120, in decorate_context
    return func(*args, **kwargs)
  File "/localscratch/users/mpascual/14086116/work/medsyn/medsyn/cli/generate_ccDDPM.py", line 345, in generate_with_cfg
    eps_uncond = model(x_t, t_batch, None)
  File "/mnt/home/users/tic_163_uma/mpascual/fscratch/conda_envs/medsyn/lib/python3.9/site-packages/torch/nn/modules/module.py", line 1773, in _wrapped_call_impl
    return self._call_impl(*args, **kwargs)
  File "/mnt/home/users/tic_163_uma/mpascual/fscratch/conda_envs/medsyn/lib/python3.9/site-packages/torch/nn/modules/module.py", line 1784, in _call_impl
    return forward_call(*args, **kwargs)
  File "/localscratch/users/mpascual/14086116/work/medsyn/medsyn/models/ccDDPM/model.py", line 70, in forward
    x_in = torch.cat([x_noisy, cond], dim=1)
RuntimeError: Sizes of tensors must match except in dimension 1. Expected size 4 but got size 1 for tensor number 1 in the list.
[2025-11-03 23:13:44] GPU1 - INFO - Starting task: val/class_3 (276 samples)
[2025-11-03 23:13:44] INFO - Worker-GPU1 - Starting task: val/class_3 (276 samples)
[2025-11-03 23:13:44] GPU0 - ERROR - Failed to generate val/class_1: Sizes of tensors must match except in dimension 1. Expected size 4 but got size 1 for tensor number 1 in the list.
Traceback (most recent call last):
  File "/localscratch/users/mpascual/14086116/work/medsyn/medsyn/cli/generate_ccDDPM_parallel.py", line 152, in worker_process
    samples_metadata, images_array, labels_array = generate_images_for_class(
  File "/localscratch/users/mpascual/14086116/work/medsyn/medsyn/cli/generate_ccDDPM.py", line 616, in generate_images_for_class
    imgs = generate_with_cfg(
  File "/mnt/home/users/tic_163_uma/mpascual/fscratch/conda_envs/medsyn/lib/python3.9/site-packages/torch/utils/_contextlib.py", line 120, in decorate_context
    return func(*args, **kwargs)
  File "/localscratch/users/mpascual/14086116/work/medsyn/medsyn/cli/generate_ccDDPM.py", line 345, in generate_with_cfg
    eps_uncond = model(x_t, t_batch, None)
  File "/mnt/home/users/tic_163_uma/mpascual/fscratch/conda_envs/medsyn/lib/python3.9/site-packages/torch/nn/modules/module.py", line 1773, in _wrapped_call_impl
    return self._call_impl(*args, **kwargs)
  File "/mnt/home/users/tic_163_uma/mpascual/fscratch/conda_envs/medsyn/lib/python3.9/site-packages/torch/nn/modules/module.py", line 1784, in _call_impl
    return forward_call(*args, **kwargs)
  File "/localscratch/users/mpascual/14086116/work/medsyn/medsyn/models/ccDDPM/model.py", line 70, in forward
    x_in = torch.cat([x_noisy, cond], dim=1)
RuntimeError: Sizes of tensors must match except in dimension 1. Expected size 4 but got size 1 for tensor number 1 in the list.
[2025-11-03 23:13:44] ERROR - Worker-GPU0 - Failed to generate val/class_1: Sizes of tensors must match except in dimension 1. Expected size 4 but got size 1 for tensor number 1 in the list.
Traceback (most recent call last):
  File "/localscratch/users/mpascual/14086116/work/medsyn/medsyn/cli/generate_ccDDPM_parallel.py", line 152, in worker_process
    samples_metadata, images_array, labels_array = generate_images_for_class(
  File "/localscratch/users/mpascual/14086116/work/medsyn/medsyn/cli/generate_ccDDPM.py", line 616, in generate_images_for_class
    imgs = generate_with_cfg(
  File "/mnt/home/users/tic_163_uma/mpascual/fscratch/conda_envs/medsyn/lib/python3.9/site-packages/torch/utils/_contextlib.py", line 120, in decorate_context
    return func(*args, **kwargs)
  File "/localscratch/users/mpascual/14086116/work/medsyn/medsyn/cli/generate_ccDDPM.py", line 345, in generate_with_cfg
    eps_uncond = model(x_t, t_batch, None)
  File "/mnt/home/users/tic_163_uma/mpascual/fscratch/conda_envs/medsyn/lib/python3.9/site-packages/torch/nn/modules/module.py", line 1773, in _wrapped_call_impl
    return self._call_impl(*args, **kwargs)
  File "/mnt/home/users/tic_163_uma/mpascual/fscratch/conda_envs/medsyn/lib/python3.9/site-packages/torch/nn/modules/module.py", line 1784, in _call_impl
    return forward_call(*args, **kwargs)
  File "/localscratch/users/mpascual/14086116/work/medsyn/medsyn/models/ccDDPM/model.py", line 70, in forward
    x_in = torch.cat([x_noisy, cond], dim=1)
RuntimeError: Sizes of tensors must match except in dimension 1. Expected size 4 but got size 1 for tensor number 1 in the list.
[2025-11-03 23:13:44] GPU0 - INFO - Starting task: val/class_4 (542 samples)
[2025-11-03 23:13:44] INFO - Worker-GPU0 - Starting task: val/class_4 (542 samples)
[2025-11-03 23:13:44] INFO - __main__ - Progress: 9/18 (50.0%) - Latest: val/class_2
[2025-11-03 23:13:44] INFO - medsyn.cli.generate_ccDDPM - Starting generation for class 3: 276 samples to /localscratch/users/mpascual/14086116/work/generated/val/class_3
[2025-11-03 23:13:44] INFO - __main__ - Progress: 10/18 (55.6%) - Latest: val/class_1
[2025-11-03 23:13:44] INFO - medsyn.cli.generate_ccDDPM - Starting generation for class 4: 542 samples to /localscratch/users/mpascual/14086116/work/generated/val/class_4
[2025-11-03 23:13:44] GPU3 - ERROR - Failed to generate val/class_0: Sizes of tensors must match except in dimension 1. Expected size 4 but got size 1 for tensor number 1 in the list.
Traceback (most recent call last):
  File "/localscratch/users/mpascual/14086116/work/medsyn/medsyn/cli/generate_ccDDPM_parallel.py", line 152, in worker_process
    samples_metadata, images_array, labels_array = generate_images_for_class(
  File "/localscratch/users/mpascual/14086116/work/medsyn/medsyn/cli/generate_ccDDPM.py", line 616, in generate_images_for_class
    imgs = generate_with_cfg(
  File "/mnt/home/users/tic_163_uma/mpascual/fscratch/conda_envs/medsyn/lib/python3.9/site-packages/torch/utils/_contextlib.py", line 120, in decorate_context
    return func(*args, **kwargs)
  File "/localscratch/users/mpascual/14086116/work/medsyn/medsyn/cli/generate_ccDDPM.py", line 345, in generate_with_cfg
    eps_uncond = model(x_t, t_batch, None)
  File "/mnt/home/users/tic_163_uma/mpascual/fscratch/conda_envs/medsyn/lib/python3.9/site-packages/torch/nn/modules/module.py", line 1773, in _wrapped_call_impl
    return self._call_impl(*args, **kwargs)
  File "/mnt/home/users/tic_163_uma/mpascual/fscratch/conda_envs/medsyn/lib/python3.9/site-packages/torch/nn/modules/module.py", line 1784, in _call_impl
    return forward_call(*args, **kwargs)
  File "/localscratch/users/mpascual/14086116/work/medsyn/medsyn/models/ccDDPM/model.py", line 70, in forward
    x_in = torch.cat([x_noisy, cond], dim=1)
RuntimeError: Sizes of tensors must match except in dimension 1. Expected size 4 but got size 1 for tensor number 1 in the list.
[2025-11-03 23:13:44] ERROR - Worker-GPU3 - Failed to generate val/class_0: Sizes of tensors must match except in dimension 1. Expected size 4 but got size 1 for tensor number 1 in the list.
Traceback (most recent call last):
  File "/localscratch/users/mpascual/14086116/work/medsyn/medsyn/cli/generate_ccDDPM_parallel.py", line 152, in worker_process
    samples_metadata, images_array, labels_array = generate_images_for_class(
  File "/localscratch/users/mpascual/14086116/work/medsyn/medsyn/cli/generate_ccDDPM.py", line 616, in generate_images_for_class
    imgs = generate_with_cfg(
  File "/mnt/home/users/tic_163_uma/mpascual/fscratch/conda_envs/medsyn/lib/python3.9/site-packages/torch/utils/_contextlib.py", line 120, in decorate_context
    return func(*args, **kwargs)
  File "/localscratch/users/mpascual/14086116/work/medsyn/medsyn/cli/generate_ccDDPM.py", line 345, in generate_with_cfg
    eps_uncond = model(x_t, t_batch, None)
  File "/mnt/home/users/tic_163_uma/mpascual/fscratch/conda_envs/medsyn/lib/python3.9/site-packages/torch/nn/modules/module.py", line 1773, in _wrapped_call_impl
    return self._call_impl(*args, **kwargs)
  File "/mnt/home/users/tic_163_uma/mpascual/fscratch/conda_envs/medsyn/lib/python3.9/site-packages/torch/nn/modules/module.py", line 1784, in _call_impl
    return forward_call(*args, **kwargs)
  File "/localscratch/users/mpascual/14086116/work/medsyn/medsyn/models/ccDDPM/model.py", line 70, in forward
    x_in = torch.cat([x_noisy, cond], dim=1)
RuntimeError: Sizes of tensors must match except in dimension 1. Expected size 4 but got size 1 for tensor number 1 in the list.
[2025-11-03 23:13:44] INFO - __main__ - Progress: 11/18 (61.1%) - Latest: val/class_0
[2025-11-03 23:13:44] GPU3 - INFO - Starting task: val/class_5 (78 samples)
[2025-11-03 23:13:44] INFO - Worker-GPU3 - Starting task: val/class_5 (78 samples)
[2025-11-03 23:13:44] INFO - medsyn.cli.generate_ccDDPM - Starting generation for class 5: 78 samples to /localscratch/users/mpascual/14086116/work/generated/val/class_5
[2025-11-03 23:13:44] GPU0 - ERROR - Failed to generate val/class_4: Sizes of tensors must match except in dimension 1. Expected size 4 but got size 1 for tensor number 1 in the list.
Traceback (most recent call last):
  File "/localscratch/users/mpascual/14086116/work/medsyn/medsyn/cli/generate_ccDDPM_parallel.py", line 152, in worker_process
    samples_metadata, images_array, labels_array = generate_images_for_class(
  File "/localscratch/users/mpascual/14086116/work/medsyn/medsyn/cli/generate_ccDDPM.py", line 616, in generate_images_for_class
    imgs = generate_with_cfg(
  File "/mnt/home/users/tic_163_uma/mpascual/fscratch/conda_envs/medsyn/lib/python3.9/site-packages/torch/utils/_contextlib.py", line 120, in decorate_context
    return func(*args, **kwargs)
  File "/localscratch/users/mpascual/14086116/work/medsyn/medsyn/cli/generate_ccDDPM.py", line 345, in generate_with_cfg
    eps_uncond = model(x_t, t_batch, None)
  File "/mnt/home/users/tic_163_uma/mpascual/fscratch/conda_envs/medsyn/lib/python3.9/site-packages/torch/nn/modules/module.py", line 1773, in _wrapped_call_impl
    return self._call_impl(*args, **kwargs)
  File "/mnt/home/users/tic_163_uma/mpascual/fscratch/conda_envs/medsyn/lib/python3.9/site-packages/torch/nn/modules/module.py", line 1784, in _call_impl
    return forward_call(*args, **kwargs)
  File "/localscratch/users/mpascual/14086116/work/medsyn/medsyn/models/ccDDPM/model.py", line 70, in forward
    x_in = torch.cat([x_noisy, cond], dim=1)
RuntimeError: Sizes of tensors must match except in dimension 1. Expected size 4 but got size 1 for tensor number 1 in the list.
[2025-11-03 23:13:44] GPU1 - ERROR - Failed to generate val/class_3: Sizes of tensors must match except in dimension 1. Expected size 4 but got size 1 for tensor number 1 in the list.
Traceback (most recent call last):
  File "/localscratch/users/mpascual/14086116/work/medsyn/medsyn/cli/generate_ccDDPM_parallel.py", line 152, in worker_process
    samples_metadata, images_array, labels_array = generate_images_for_class(
  File "/localscratch/users/mpascual/14086116/work/medsyn/medsyn/cli/generate_ccDDPM.py", line 616, in generate_images_for_class
    imgs = generate_with_cfg(
  File "/mnt/home/users/tic_163_uma/mpascual/fscratch/conda_envs/medsyn/lib/python3.9/site-packages/torch/utils/_contextlib.py", line 120, in decorate_context
    return func(*args, **kwargs)
  File "/localscratch/users/mpascual/14086116/work/medsyn/medsyn/cli/generate_ccDDPM.py", line 345, in generate_with_cfg
    eps_uncond = model(x_t, t_batch, None)
  File "/mnt/home/users/tic_163_uma/mpascual/fscratch/conda_envs/medsyn/lib/python3.9/site-packages/torch/nn/modules/module.py", line 1773, in _wrapped_call_impl
    return self._call_impl(*args, **kwargs)
  File "/mnt/home/users/tic_163_uma/mpascual/fscratch/conda_envs/medsyn/lib/python3.9/site-packages/torch/nn/modules/module.py", line 1784, in _call_impl
    return forward_call(*args, **kwargs)
  File "/localscratch/users/mpascual/14086116/work/medsyn/medsyn/models/ccDDPM/model.py", line 70, in forward
    x_in = torch.cat([x_noisy, cond], dim=1)
RuntimeError: Sizes of tensors must match except in dimension 1. Expected size 4 but got size 1 for tensor number 1 in the list.
[2025-11-03 23:13:44] ERROR - Worker-GPU0 - Failed to generate val/class_4: Sizes of tensors must match except in dimension 1. Expected size 4 but got size 1 for tensor number 1 in the list.
Traceback (most recent call last):
  File "/localscratch/users/mpascual/14086116/work/medsyn/medsyn/cli/generate_ccDDPM_parallel.py", line 152, in worker_process
    samples_metadata, images_array, labels_array = generate_images_for_class(
  File "/localscratch/users/mpascual/14086116/work/medsyn/medsyn/cli/generate_ccDDPM.py", line 616, in generate_images_for_class
    imgs = generate_with_cfg(
  File "/mnt/home/users/tic_163_uma/mpascual/fscratch/conda_envs/medsyn/lib/python3.9/site-packages/torch/utils/_contextlib.py", line 120, in decorate_context
    return func(*args, **kwargs)
  File "/localscratch/users/mpascual/14086116/work/medsyn/medsyn/cli/generate_ccDDPM.py", line 345, in generate_with_cfg
    eps_uncond = model(x_t, t_batch, None)
  File "/mnt/home/users/tic_163_uma/mpascual/fscratch/conda_envs/medsyn/lib/python3.9/site-packages/torch/nn/modules/module.py", line 1773, in _wrapped_call_impl
    return self._call_impl(*args, **kwargs)
  File "/mnt/home/users/tic_163_uma/mpascual/fscratch/conda_envs/medsyn/lib/python3.9/site-packages/torch/nn/modules/module.py", line 1784, in _call_impl
    return forward_call(*args, **kwargs)
  File "/localscratch/users/mpascual/14086116/work/medsyn/medsyn/models/ccDDPM/model.py", line 70, in forward
    x_in = torch.cat([x_noisy, cond], dim=1)
RuntimeError: Sizes of tensors must match except in dimension 1. Expected size 4 but got size 1 for tensor number 1 in the list.
[2025-11-03 23:13:44] ERROR - Worker-GPU1 - Failed to generate val/class_3: Sizes of tensors must match except in dimension 1. Expected size 4 but got size 1 for tensor number 1 in the list.
Traceback (most recent call last):
  File "/localscratch/users/mpascual/14086116/work/medsyn/medsyn/cli/generate_ccDDPM_parallel.py", line 152, in worker_process
    samples_metadata, images_array, labels_array = generate_images_for_class(
  File "/localscratch/users/mpascual/14086116/work/medsyn/medsyn/cli/generate_ccDDPM.py", line 616, in generate_images_for_class
    imgs = generate_with_cfg(
  File "/mnt/home/users/tic_163_uma/mpascual/fscratch/conda_envs/medsyn/lib/python3.9/site-packages/torch/utils/_contextlib.py", line 120, in decorate_context
    return func(*args, **kwargs)
  File "/localscratch/users/mpascual/14086116/work/medsyn/medsyn/cli/generate_ccDDPM.py", line 345, in generate_with_cfg
    eps_uncond = model(x_t, t_batch, None)
  File "/mnt/home/users/tic_163_uma/mpascual/fscratch/conda_envs/medsyn/lib/python3.9/site-packages/torch/nn/modules/module.py", line 1773, in _wrapped_call_impl
    return self._call_impl(*args, **kwargs)
  File "/mnt/home/users/tic_163_uma/mpascual/fscratch/conda_envs/medsyn/lib/python3.9/site-packages/torch/nn/modules/module.py", line 1784, in _call_impl
    return forward_call(*args, **kwargs)
  File "/localscratch/users/mpascual/14086116/work/medsyn/medsyn/models/ccDDPM/model.py", line 70, in forward
    x_in = torch.cat([x_noisy, cond], dim=1)
RuntimeError: Sizes of tensors must match except in dimension 1. Expected size 4 but got size 1 for tensor number 1 in the list.
[2025-11-03 23:13:44] INFO - __main__ - Progress: 12/18 (66.7%) - Latest: val/class_4
[2025-11-03 23:13:44] GPU0 - INFO - Starting task: val/class_6 (555 samples)
[2025-11-03 23:13:44] INFO - Worker-GPU0 - Starting task: val/class_6 (555 samples)
[2025-11-03 23:13:44] INFO - __main__ - Progress: 13/18 (72.2%) - Latest: val/class_3
[2025-11-03 23:13:44] GPU1 - INFO - Starting task: val/class_7 (387 samples)
[2025-11-03 23:13:44] INFO - Worker-GPU1 - Starting task: val/class_7 (387 samples)
[2025-11-03 23:13:44] INFO - medsyn.cli.generate_ccDDPM - Starting generation for class 6: 555 samples to /localscratch/users/mpascual/14086116/work/generated/val/class_6
[2025-11-03 23:13:44] INFO - medsyn.cli.generate_ccDDPM - Starting generation for class 7: 387 samples to /localscratch/users/mpascual/14086116/work/generated/val/class_7
[2025-11-03 23:13:44] GPU3 - ERROR - Failed to generate val/class_5: Sizes of tensors must match except in dimension 1. Expected size 4 but got size 1 for tensor number 1 in the list.
Traceback (most recent call last):
  File "/localscratch/users/mpascual/14086116/work/medsyn/medsyn/cli/generate_ccDDPM_parallel.py", line 152, in worker_process
    samples_metadata, images_array, labels_array = generate_images_for_class(
  File "/localscratch/users/mpascual/14086116/work/medsyn/medsyn/cli/generate_ccDDPM.py", line 616, in generate_images_for_class
    imgs = generate_with_cfg(
  File "/mnt/home/users/tic_163_uma/mpascual/fscratch/conda_envs/medsyn/lib/python3.9/site-packages/torch/utils/_contextlib.py", line 120, in decorate_context
    return func(*args, **kwargs)
  File "/localscratch/users/mpascual/14086116/work/medsyn/medsyn/cli/generate_ccDDPM.py", line 345, in generate_with_cfg
    eps_uncond = model(x_t, t_batch, None)
  File "/mnt/home/users/tic_163_uma/mpascual/fscratch/conda_envs/medsyn/lib/python3.9/site-packages/torch/nn/modules/module.py", line 1773, in _wrapped_call_impl
    return self._call_impl(*args, **kwargs)
  File "/mnt/home/users/tic_163_uma/mpascual/fscratch/conda_envs/medsyn/lib/python3.9/site-packages/torch/nn/modules/module.py", line 1784, in _call_impl
    return forward_call(*args, **kwargs)
  File "/localscratch/users/mpascual/14086116/work/medsyn/medsyn/models/ccDDPM/model.py", line 70, in forward
    x_in = torch.cat([x_noisy, cond], dim=1)
RuntimeError: Sizes of tensors must match except in dimension 1. Expected size 4 but got size 1 for tensor number 1 in the list.
[2025-11-03 23:13:44] ERROR - Worker-GPU3 - Failed to generate val/class_5: Sizes of tensors must match except in dimension 1. Expected size 4 but got size 1 for tensor number 1 in the list.
Traceback (most recent call last):
  File "/localscratch/users/mpascual/14086116/work/medsyn/medsyn/cli/generate_ccDDPM_parallel.py", line 152, in worker_process
    samples_metadata, images_array, labels_array = generate_images_for_class(
  File "/localscratch/users/mpascual/14086116/work/medsyn/medsyn/cli/generate_ccDDPM.py", line 616, in generate_images_for_class
    imgs = generate_with_cfg(
  File "/mnt/home/users/tic_163_uma/mpascual/fscratch/conda_envs/medsyn/lib/python3.9/site-packages/torch/utils/_contextlib.py", line 120, in decorate_context
    return func(*args, **kwargs)
  File "/localscratch/users/mpascual/14086116/work/medsyn/medsyn/cli/generate_ccDDPM.py", line 345, in generate_with_cfg
    eps_uncond = model(x_t, t_batch, None)
  File "/mnt/home/users/tic_163_uma/mpascual/fscratch/conda_envs/medsyn/lib/python3.9/site-packages/torch/nn/modules/module.py", line 1773, in _wrapped_call_impl
    return self._call_impl(*args, **kwargs)
  File "/mnt/home/users/tic_163_uma/mpascual/fscratch/conda_envs/medsyn/lib/python3.9/site-packages/torch/nn/modules/module.py", line 1784, in _call_impl
    return forward_call(*args, **kwargs)
  File "/localscratch/users/mpascual/14086116/work/medsyn/medsyn/models/ccDDPM/model.py", line 70, in forward
    x_in = torch.cat([x_noisy, cond], dim=1)
RuntimeError: Sizes of tensors must match except in dimension 1. Expected size 4 but got size 1 for tensor number 1 in the list.
[2025-11-03 23:13:44] GPU3 - INFO - Starting task: val/class_8 (1 samples)
[2025-11-03 23:13:44] INFO - Worker-GPU3 - Starting task: val/class_8 (1 samples)
[2025-11-03 23:13:44] INFO - __main__ - Progress: 14/18 (77.8%) - Latest: val/class_5
[2025-11-03 23:13:44] INFO - medsyn.cli.generate_ccDDPM - Starting generation for class 8: 1 samples to /localscratch/users/mpascual/14086116/work/generated/val/class_8
[2025-11-03 23:13:44] GPU0 - ERROR - Failed to generate val/class_6: Sizes of tensors must match except in dimension 1. Expected size 4 but got size 1 for tensor number 1 in the list.
Traceback (most recent call last):
  File "/localscratch/users/mpascual/14086116/work/medsyn/medsyn/cli/generate_ccDDPM_parallel.py", line 152, in worker_process
    samples_metadata, images_array, labels_array = generate_images_for_class(
  File "/localscratch/users/mpascual/14086116/work/medsyn/medsyn/cli/generate_ccDDPM.py", line 616, in generate_images_for_class
    imgs = generate_with_cfg(
  File "/mnt/home/users/tic_163_uma/mpascual/fscratch/conda_envs/medsyn/lib/python3.9/site-packages/torch/utils/_contextlib.py", line 120, in decorate_context
    return func(*args, **kwargs)
  File "/localscratch/users/mpascual/14086116/work/medsyn/medsyn/cli/generate_ccDDPM.py", line 345, in generate_with_cfg
    eps_uncond = model(x_t, t_batch, None)
  File "/mnt/home/users/tic_163_uma/mpascual/fscratch/conda_envs/medsyn/lib/python3.9/site-packages/torch/nn/modules/module.py", line 1773, in _wrapped_call_impl
    return self._call_impl(*args, **kwargs)
  File "/mnt/home/users/tic_163_uma/mpascual/fscratch/conda_envs/medsyn/lib/python3.9/site-packages/torch/nn/modules/module.py", line 1784, in _call_impl
    return forward_call(*args, **kwargs)
  File "/localscratch/users/mpascual/14086116/work/medsyn/medsyn/models/ccDDPM/model.py", line 70, in forward
    x_in = torch.cat([x_noisy, cond], dim=1)
RuntimeError: Sizes of tensors must match except in dimension 1. Expected size 4 but got size 1 for tensor number 1 in the list.
[2025-11-03 23:13:44] ERROR - Worker-GPU0 - Failed to generate val/class_6: Sizes of tensors must match except in dimension 1. Expected size 4 but got size 1 for tensor number 1 in the list.
Traceback (most recent call last):
  File "/localscratch/users/mpascual/14086116/work/medsyn/medsyn/cli/generate_ccDDPM_parallel.py", line 152, in worker_process
    samples_metadata, images_array, labels_array = generate_images_for_class(
  File "/localscratch/users/mpascual/14086116/work/medsyn/medsyn/cli/generate_ccDDPM.py", line 616, in generate_images_for_class
    imgs = generate_with_cfg(
  File "/mnt/home/users/tic_163_uma/mpascual/fscratch/conda_envs/medsyn/lib/python3.9/site-packages/torch/utils/_contextlib.py", line 120, in decorate_context
    return func(*args, **kwargs)
  File "/localscratch/users/mpascual/14086116/work/medsyn/medsyn/cli/generate_ccDDPM.py", line 345, in generate_with_cfg
    eps_uncond = model(x_t, t_batch, None)
  File "/mnt/home/users/tic_163_uma/mpascual/fscratch/conda_envs/medsyn/lib/python3.9/site-packages/torch/nn/modules/module.py", line 1773, in _wrapped_call_impl
    return self._call_impl(*args, **kwargs)
  File "/mnt/home/users/tic_163_uma/mpascual/fscratch/conda_envs/medsyn/lib/python3.9/site-packages/torch/nn/modules/module.py", line 1784, in _call_impl
    return forward_call(*args, **kwargs)
  File "/localscratch/users/mpascual/14086116/work/medsyn/medsyn/models/ccDDPM/model.py", line 70, in forward
    x_in = torch.cat([x_noisy, cond], dim=1)
RuntimeError: Sizes of tensors must match except in dimension 1. Expected size 4 but got size 1 for tensor number 1 in the list.
[2025-11-03 23:13:44] GPU1 - ERROR - Failed to generate val/class_7: Sizes of tensors must match except in dimension 1. Expected size 4 but got size 1 for tensor number 1 in the list.
Traceback (most recent call last):
  File "/localscratch/users/mpascual/14086116/work/medsyn/medsyn/cli/generate_ccDDPM_parallel.py", line 152, in worker_process
    samples_metadata, images_array, labels_array = generate_images_for_class(
  File "/localscratch/users/mpascual/14086116/work/medsyn/medsyn/cli/generate_ccDDPM.py", line 616, in generate_images_for_class
    imgs = generate_with_cfg(
  File "/mnt/home/users/tic_163_uma/mpascual/fscratch/conda_envs/medsyn/lib/python3.9/site-packages/torch/utils/_contextlib.py", line 120, in decorate_context
    return func(*args, **kwargs)
  File "/localscratch/users/mpascual/14086116/work/medsyn/medsyn/cli/generate_ccDDPM.py", line 345, in generate_with_cfg
    eps_uncond = model(x_t, t_batch, None)
  File "/mnt/home/users/tic_163_uma/mpascual/fscratch/conda_envs/medsyn/lib/python3.9/site-packages/torch/nn/modules/module.py", line 1773, in _wrapped_call_impl
    return self._call_impl(*args, **kwargs)
  File "/mnt/home/users/tic_163_uma/mpascual/fscratch/conda_envs/medsyn/lib/python3.9/site-packages/torch/nn/modules/module.py", line 1784, in _call_impl
    return forward_call(*args, **kwargs)
  File "/localscratch/users/mpascual/14086116/work/medsyn/medsyn/models/ccDDPM/model.py", line 70, in forward
    x_in = torch.cat([x_noisy, cond], dim=1)
RuntimeError: Sizes of tensors must match except in dimension 1. Expected size 4 but got size 1 for tensor number 1 in the list.
[2025-11-03 23:13:44] INFO - __main__ - Progress: 15/18 (83.3%) - Latest: val/class_6
[2025-11-03 23:13:44] ERROR - Worker-GPU1 - Failed to generate val/class_7: Sizes of tensors must match except in dimension 1. Expected size 4 but got size 1 for tensor number 1 in the list.
Traceback (most recent call last):
  File "/localscratch/users/mpascual/14086116/work/medsyn/medsyn/cli/generate_ccDDPM_parallel.py", line 152, in worker_process
    samples_metadata, images_array, labels_array = generate_images_for_class(
  File "/localscratch/users/mpascual/14086116/work/medsyn/medsyn/cli/generate_ccDDPM.py", line 616, in generate_images_for_class
    imgs = generate_with_cfg(
  File "/mnt/home/users/tic_163_uma/mpascual/fscratch/conda_envs/medsyn/lib/python3.9/site-packages/torch/utils/_contextlib.py", line 120, in decorate_context
    return func(*args, **kwargs)
  File "/localscratch/users/mpascual/14086116/work/medsyn/medsyn/cli/generate_ccDDPM.py", line 345, in generate_with_cfg
    eps_uncond = model(x_t, t_batch, None)
  File "/mnt/home/users/tic_163_uma/mpascual/fscratch/conda_envs/medsyn/lib/python3.9/site-packages/torch/nn/modules/module.py", line 1773, in _wrapped_call_impl
    return self._call_impl(*args, **kwargs)
  File "/mnt/home/users/tic_163_uma/mpascual/fscratch/conda_envs/medsyn/lib/python3.9/site-packages/torch/nn/modules/module.py", line 1784, in _call_impl
    return forward_call(*args, **kwargs)
  File "/localscratch/users/mpascual/14086116/work/medsyn/medsyn/models/ccDDPM/model.py", line 70, in forward
    x_in = torch.cat([x_noisy, cond], dim=1)
RuntimeError: Sizes of tensors must match except in dimension 1. Expected size 4 but got size 1 for tensor number 1 in the list.
[2025-11-03 23:13:44] GPU0 - INFO - Received stop signal. Completed 0 tasks.
[2025-11-03 23:13:44] INFO - Worker-GPU0 - Received stop signal. Completed 0 tasks.
[2025-11-03 23:13:44] GPU0 - INFO - Worker shutting down. Total tasks completed: 0
[2025-11-03 23:13:44] INFO - Worker-GPU0 - Worker shutting down. Total tasks completed: 0
[2025-11-03 23:13:44] INFO - __main__ - Progress: 16/18 (88.9%) - Latest: val/class_7
[2025-11-03 23:13:44] GPU1 - INFO - Received stop signal. Completed 0 tasks.
[2025-11-03 23:13:44] INFO - Worker-GPU1 - Received stop signal. Completed 0 tasks.
[2025-11-03 23:13:44] GPU1 - INFO - Worker shutting down. Total tasks completed: 0
[2025-11-03 23:13:44] INFO - Worker-GPU1 - Worker shutting down. Total tasks completed: 0
[2025-11-03 23:14:12] INFO - medsyn.cli.generate_ccDDPM - Created denoising visualization for class 8 sample 0: /localscratch/users/mpascual/14086116/work/generated/train/class_8/denoising_process_class8_d3ede7e40917.png
[2025-11-03 23:14:12] INFO - medsyn.cli.generate_ccDDPM -   First sample for class 8: range=[-0.695, 0.998], normalized range=[0.152, 0.999]
[2025-11-03 23:14:12] INFO - medsyn.cli.generate_ccDDPM -   [GPU2] Class 8: 1/1 (100.0%) | Batch: 4 | GPU2: 0.30GB alloc, 1.64GB res, 1.48GB peak
[2025-11-03 23:14:12] INFO - medsyn.cli.generate_ccDDPM - [GPU2] Completed class 8: 1 images in 28s (28.08s/img) | GPU2: 0.30GB alloc, 1.48GB peak
[2025-11-03 23:14:12] GPU2 - INFO - Completed: train/class_8 in 28.1s (0.04 samples/s)
[2025-11-03 23:14:12] INFO - Worker-GPU2 - Completed: train/class_8 in 28.1s (0.04 samples/s)
[2025-11-03 23:14:12] GPU2 - INFO - Received stop signal. Completed 1 tasks.
[2025-11-03 23:14:12] INFO - Worker-GPU2 - Received stop signal. Completed 1 tasks.
[2025-11-03 23:14:12] GPU2 - INFO - Worker shutting down. Total tasks completed: 1
[2025-11-03 23:14:12] INFO - Worker-GPU2 - Worker shutting down. Total tasks completed: 1
[2025-11-03 23:14:12] INFO - __main__ - Progress: 17/18 (94.4%) - Latest: train/class_8
[2025-11-03 23:14:13] INFO - medsyn.cli.generate_ccDDPM - Created denoising visualization for class 8 sample 0: /localscratch/users/mpascual/14086116/work/generated/val/class_8/denoising_process_class8_62d7ced143e5.png
[2025-11-03 23:14:13] INFO - medsyn.cli.generate_ccDDPM -   First sample for class 8: range=[-0.758, 0.959], normalized range=[0.121, 0.979]
[2025-11-03 23:14:13] INFO - medsyn.cli.generate_ccDDPM -   [GPU3] Class 8: 1/1 (100.0%) | Batch: 4 | GPU3: 0.30GB alloc, 1.64GB res, 1.48GB peak
[2025-11-03 23:14:13] INFO - medsyn.cli.generate_ccDDPM - [GPU3] Completed class 8: 1 images in 28s (28.48s/img) | GPU3: 0.30GB alloc, 1.48GB peak
[2025-11-03 23:14:13] GPU3 - INFO - Completed: val/class_8 in 28.5s (0.04 samples/s)
[2025-11-03 23:14:13] INFO - Worker-GPU3 - Completed: val/class_8 in 28.5s (0.04 samples/s)
[2025-11-03 23:14:13] GPU3 - INFO - Received stop signal. Completed 1 tasks.
[2025-11-03 23:14:13] INFO - Worker-GPU3 - Received stop signal. Completed 1 tasks.
[2025-11-03 23:14:13] GPU3 - INFO - Worker shutting down. Total tasks completed: 1
[2025-11-03 23:14:13] INFO - Worker-GPU3 - Worker shutting down. Total tasks completed: 1
[2025-11-03 23:14:13] INFO - __main__ - Progress: 18/18 (100.0%) - Latest: val/class_8
[2025-11-03 23:14:13] INFO - __main__ - All tasks completed. Waiting for workers to shut down...
[2025-11-03 23:14:14] INFO - __main__ - ============================================================
[2025-11-03 23:14:14] INFO - __main__ - All workers completed successfully
[2025-11-03 23:14:14] INFO - __main__ -   Total time: 49.2s
[2025-11-03 23:14:14] INFO - __main__ -   Total samples: 28855
[2025-11-03 23:14:14] INFO - __main__ -   Throughput: 586.18 samples/s
[2025-11-03 23:14:14] INFO - __main__ - ============================================================
[2025-11-03 23:14:14] INFO - __main__ - Step 3: Aggregating results
[2025-11-03 23:14:14] INFO - __main__ - Aggregating results from all workers...
[2025-11-03 23:14:14] ERROR - __main__ - Skipping failed task: train/class_3: Sizes of tensors must match except in dimension 1. Expected size 4 but got size 1 for tensor number 1 in the list.
[2025-11-03 23:14:14] ERROR - __main__ - Skipping failed task: train/class_1: Sizes of tensors must match except in dimension 1. Expected size 4 but got size 1 for tensor number 1 in the list.
[2025-11-03 23:14:14] ERROR - __main__ - Skipping failed task: train/class_0: Sizes of tensors must match except in dimension 1. Expected size 4 but got size 1 for tensor number 1 in the list.
[2025-11-03 23:14:14] ERROR - __main__ - Skipping failed task: train/class_2: Sizes of tensors must match except in dimension 1. Expected size 4 but got size 1 for tensor number 1 in the list.
[2025-11-03 23:14:14] ERROR - __main__ - Skipping failed task: train/class_4: Sizes of tensors must match except in dimension 1. Expected size 4 but got size 1 for tensor number 1 in the list.
[2025-11-03 23:14:14] ERROR - __main__ - Skipping failed task: train/class_6: Sizes of tensors must match except in dimension 1. Expected size 4 but got size 1 for tensor number 1 in the list.
[2025-11-03 23:14:14] ERROR - __main__ - Skipping failed task: train/class_7: Sizes of tensors must match except in dimension 1. Expected size 4 but got size 1 for tensor number 1 in the list.
[2025-11-03 23:14:14] ERROR - __main__ - Skipping failed task: train/class_5: Sizes of tensors must match except in dimension 1. Expected size 4 but got size 1 for tensor number 1 in the list.
[2025-11-03 23:14:14] ERROR - __main__ - Skipping failed task: val/class_2: Sizes of tensors must match except in dimension 1. Expected size 4 but got size 1 for tensor number 1 in the list.
[2025-11-03 23:14:14] ERROR - __main__ - Skipping failed task: val/class_1: Sizes of tensors must match except in dimension 1. Expected size 4 but got size 1 for tensor number 1 in the list.
[2025-11-03 23:14:14] ERROR - __main__ - Skipping failed task: val/class_0: Sizes of tensors must match except in dimension 1. Expected size 4 but got size 1 for tensor number 1 in the list.
[2025-11-03 23:14:14] ERROR - __main__ - Skipping failed task: val/class_4: Sizes of tensors must match except in dimension 1. Expected size 4 but got size 1 for tensor number 1 in the list.
[2025-11-03 23:14:14] ERROR - __main__ - Skipping failed task: val/class_3: Sizes of tensors must match except in dimension 1. Expected size 4 but got size 1 for tensor number 1 in the list.
[2025-11-03 23:14:14] ERROR - __main__ - Skipping failed task: val/class_5: Sizes of tensors must match except in dimension 1. Expected size 4 but got size 1 for tensor number 1 in the list.
[2025-11-03 23:14:14] ERROR - __main__ - Skipping failed task: val/class_6: Sizes of tensors must match except in dimension 1. Expected size 4 but got size 1 for tensor number 1 in the list.
[2025-11-03 23:14:14] ERROR - __main__ - Skipping failed task: val/class_7: Sizes of tensors must match except in dimension 1. Expected size 4 but got size 1 for tensor number 1 in the list.
[2025-11-03 23:14:14] INFO - __main__ - Processing split 'train' with 1 successful tasks
[2025-11-03 23:14:14] INFO - __main__ - Building JSON index for split 'train'...
[2025-11-03 23:14:14] INFO - __main__ - JSON index saved to: /localscratch/users/mpascual/14086116/work/generated/train/pathmnist_train_index.json
[2025-11-03 23:14:14] INFO - __main__ - Saving NPZ file for split 'train'...
[2025-11-03 23:14:14] INFO - medsyn.cli.generate_ccDDPM - Saving NPZ file for split 'train'...
[2025-11-03 23:14:14] INFO - medsyn.cli.generate_ccDDPM - NPZ file saved to: /localscratch/users/mpascual/14086116/work/generated/train/pathmnist_train_synth.npz
[2025-11-03 23:14:14] INFO - medsyn.cli.generate_ccDDPM -   Total samples: 1
[2025-11-03 23:14:14] INFO - medsyn.cli.generate_ccDDPM -   Images shape: (1, 64, 64, 3)
[2025-11-03 23:14:14] INFO - medsyn.cli.generate_ccDDPM -   Labels shape: (1,)
[2025-11-03 23:14:14] INFO - medsyn.cli.generate_ccDDPM -   All samples marked as synthetic (is_synth=True)
[2025-11-03 23:14:14] INFO - medsyn.cli.generate_ccDDPM - Verification - Keys in NPZ: ['train_images', 'train_labels', 'train_is_synth']
[2025-11-03 23:14:14] INFO - medsyn.cli.generate_ccDDPM - NPZ file verified successfully for split 'train'
[2025-11-03 23:14:14] INFO - __main__ - Split 'train' aggregation complete:
[2025-11-03 23:14:14] INFO - __main__ -   Total samples: 1
[2025-11-03 23:14:14] INFO - __main__ -   JSON index: /localscratch/users/mpascual/14086116/work/generated/train/pathmnist_train_index.json
[2025-11-03 23:14:14] INFO - __main__ -   NPZ file: /localscratch/users/mpascual/14086116/work/generated/train/pathmnist_train_synth.npz
[2025-11-03 23:14:14] INFO - __main__ - Processing split 'val' with 1 successful tasks
[2025-11-03 23:14:14] INFO - __main__ - Building JSON index for split 'val'...
[2025-11-03 23:14:14] INFO - __main__ - JSON index saved to: /localscratch/users/mpascual/14086116/work/generated/val/pathmnist_val_index.json
[2025-11-03 23:14:14] INFO - __main__ - Saving NPZ file for split 'val'...
[2025-11-03 23:14:14] INFO - medsyn.cli.generate_ccDDPM - Saving NPZ file for split 'val'...
[2025-11-03 23:14:14] INFO - medsyn.cli.generate_ccDDPM - NPZ file saved to: /localscratch/users/mpascual/14086116/work/generated/val/pathmnist_val_synth.npz
[2025-11-03 23:14:14] INFO - medsyn.cli.generate_ccDDPM -   Total samples: 1
[2025-11-03 23:14:14] INFO - medsyn.cli.generate_ccDDPM -   Images shape: (1, 64, 64, 3)
[2025-11-03 23:14:14] INFO - medsyn.cli.generate_ccDDPM -   Labels shape: (1,)
[2025-11-03 23:14:14] INFO - medsyn.cli.generate_ccDDPM -   All samples marked as synthetic (is_synth=True)
[2025-11-03 23:14:14] INFO - medsyn.cli.generate_ccDDPM - Verification - Keys in NPZ: ['val_images', 'val_labels', 'val_is_synth']
[2025-11-03 23:14:14] INFO - medsyn.cli.generate_ccDDPM - NPZ file verified successfully for split 'val'
[2025-11-03 23:14:14] INFO - __main__ - Split 'val' aggregation complete:
[2025-11-03 23:14:14] INFO - __main__ -   Total samples: 1
[2025-11-03 23:14:14] INFO - __main__ -   JSON index: /localscratch/users/mpascual/14086116/work/generated/val/pathmnist_val_index.json
[2025-11-03 23:14:14] INFO - __main__ -   NPZ file: /localscratch/users/mpascual/14086116/work/generated/val/pathmnist_val_synth.npz
[2025-11-03 23:14:14] INFO - __main__ - ============================================================
[2025-11-03 23:14:14] INFO - __main__ - PARALLEL GENERATION PIPELINE COMPLETED SUCCESSFULLY
[2025-11-03 23:14:14] INFO - __main__ - ============================================================
[2025-11-03 23:14:14] INFO - __main__ - Total images generated: 28855
[2025-11-03 23:14:14] INFO - __main__ - Total time: 49.2 seconds
[2025-11-03 23:14:14] INFO - __main__ - Throughput: 586.18 samples/second
[2025-11-03 23:14:14] INFO - __main__ - Splits processed: train, val
[2025-11-03 23:14:14] INFO - __main__ - Output directory: /localscratch/users/mpascual/14086116/work/generated
[2025-11-03 23:14:14] INFO - __main__ - Denoising visualizations created: 2
[2025-11-03 23:14:14] INFO - __main__ - ============================================================
